mbedstatem0 = [1, 7, 8, 21, 7, 8, 21, 22, 23, 24, 25, 26, 13, 14, 15, 16, 17, 18, 4, 53, 53, 53, 53, 53, 53, 53, 53, 53, 53, 53, 53, 53, 53, 53, 53, 53, 53, 53, 53, 53]
RFCstatem0 = [1, 7, 8, 21, 7, 8, 21, 22, 23, 24, 25, 26, 13, 14, 15, 16, 17, 18, 4, 53, 53, 53, 53, 53, 53, 53, 53, 53, 53, 53, 53, 53, 53, 53, 53, 53, 53, 53, 53, 53]
mbedstatem1 = [1, 7, 8, 21, 9, 10, 7, 8, 21, 22, 23, 24, 25, 26, 13, 14, 15, 16, 17, 18, 4, 53, 53, 53, 53, 53, 53, 53, 53, 53, 53, 53, 53, 53, 53, 53, 53, 53, 53, 53]
RFCstatem1 = [1, 7, 8, 21, 9, 10, 7, 8, 21, 22, 23, 24, 25, 26, 13, 14, 15, 16, 17, 18, 4, 53, 53, 53, 53, 53, 53, 53, 53, 53, 53, 53, 53, 53, 53, 53, 53, 53, 53, 53]
mbedstatem2 = [1, 7, 8, 21, 7, 8, 21, 22, 26, 17, 18, 4, 53, 53, 53, 53, 53, 53, 53, 53, 53, 53, 53, 53, 53, 53, 53, 53, 53, 53, 53, 53, 53, 53, 53, 53, 53, 53, 53, 53]
RFCstatem2 = [1, 7, 8, 21, 7, 8, 21, 22, 26, 17, 18, 4, 53, 53, 53, 53, 53, 53, 53, 53, 53, 53, 53, 53, 53, 53, 53, 53, 53, 53, 53, 53, 53, 53, 53, 53, 53, 53, 53, 53]
mbedstatem3 = [1, 7, 8, 21, 9, 10, 7, 8, 21, 22, 26, 17, 18, 4, 53, 53, 53, 53, 53, 53, 53, 53, 53, 53, 53, 53, 53, 53, 53, 53, 53, 53, 53, 53, 53, 53, 53, 53, 53, 53]
RFCstatem3 = [1, 7, 8, 21, 9, 10, 7, 8, 21, 22, 26, 17, 18, 4, 53, 53, 53, 53, 53, 53, 53, 53, 53, 53, 53, 53, 53, 53, 53, 53, 53, 53, 53, 53, 53, 53, 53, 53, 53, 53]
mbedstatem4 = [1, 7, 8, 21, 7, 8, 21, 22, 23, 24, 25, 26, 13, 14, 15, 16, 17, 18, 4, 53, 53, 53, 53, 53, 53, 53, 53, 53, 53, 53, 53, 53, 53, 53, 53, 53, 53, 53, 53, 53]
RFCstatem4 = [1, 7, 8, 21, 7, 8, 21, 22, 23, 24, 25, 26, 13, 14, 15, 16, 17, 18, 4, 53, 53, 53, 53, 53, 53, 53, 53, 53, 53, 53, 53, 53, 53, 53, 53, 53, 53, 53, 53, 53]
mbedstatem5 = [1, 7, 8, 9, 10, 21, 7, 8, 21, 22, 23, 24, 25, 26, 13, 14, 15, 16, 17, 18, 4, 53, 53, 53, 53, 53, 53, 53, 53, 53, 53, 53, 53, 53, 53, 53, 53, 53, 53, 53]
RFCstatem5 = [1, 7, 8, 9, 10, 21, 7, 8, 21, 22, 23, 24, 25, 26, 13, 14, 15, 16, 17, 18, 4, 53, 53, 53, 53, 53, 53, 53, 53, 53, 53, 53, 53, 53, 53, 53, 53, 53, 53, 53]
mbedstatem6 = [1, 7, 8, 21, 7, 8, 21, 22, 26, 17, 18, 4, 53, 53, 53, 53, 53, 53, 53, 53, 53, 53, 53, 53, 53, 53, 53, 53, 53, 53, 53, 53, 53, 53, 53, 53, 53, 53, 53, 53]
RFCstatem6 = [1, 7, 8, 21, 7, 8, 21, 22, 26, 17, 18, 4, 53, 53, 53, 53, 53, 53, 53, 53, 53, 53, 53, 53, 53, 53, 53, 53, 53, 53, 53, 53, 53, 53, 53, 53, 53, 53, 53, 53]
mbedstatem7 = [1, 7, 8, 9, 10, 21, 7, 8, 21, 22, 26, 17, 18, 4, 53, 53, 53, 53, 53, 53, 53, 53, 53, 53, 53, 53, 53, 53, 53, 53, 53, 53, 53, 53, 53, 53, 53, 53, 53, 53]
RFCstatem7 = [1, 7, 8, 9, 10, 21, 7, 8, 21, 22, 26, 17, 18, 4, 53, 53, 53, 53, 53, 53, 53, 53, 53, 53, 53, 53, 53, 53, 53, 53, 53, 53, 53, 53, 53, 53, 53, 53, 53, 53]
mbedstatem8 = [1, 7, 8, 21, 7, 8, 21, 22, 23, 24, 25, 26, 13, 14, 17, 18, 4, 53, 53, 53, 53, 53, 53, 53, 53, 53, 53, 53, 53, 53, 53, 53, 53, 53, 53, 53, 53, 53, 53, 53]
RFCstatem8 = [1, 7, 8, 21, 7, 8, 21, 22, 23, 24, 25, 26, 13, 14, 17, 18, 4, 53, 53, 53, 53, 53, 53, 53, 53, 53, 53, 53, 53, 53, 53, 53, 53, 53, 53, 53, 53, 53, 53, 53]
mbedstatem9 = [1, 7, 8, 21, 9, 10, 7, 8, 21, 22, 23, 24, 25, 26, 13, 14, 17, 18, 4, 53, 53, 53, 53, 53, 53, 53, 53, 53, 53, 53, 53, 53, 53, 53, 53, 53, 53, 53, 53, 53]
RFCstatem9 = [1, 7, 8, 21, 9, 10, 7, 8, 21, 22, 23, 24, 25, 26, 13, 14, 17, 18, 4, 53, 53, 53, 53, 53, 53, 53, 53, 53, 53, 53, 53, 53, 53, 53, 53, 53, 53, 53, 53, 53]
mbedstatem10 = [1, 7, 8, 21, 7, 8, 21, 22, 26, 17, 18, 4, 53, 53, 53, 53, 53, 53, 53, 53, 53, 53, 53, 53, 53, 53, 53, 53, 53, 53, 53, 53, 53, 53, 53, 53, 53, 53, 53, 53]
RFCstatem10 = [1, 7, 8, 21, 7, 8, 21, 22, 26, 17, 18, 4, 53, 53, 53, 53, 53, 53, 53, 53, 53, 53, 53, 53, 53, 53, 53, 53, 53, 53, 53, 53, 53, 53, 53, 53, 53, 53, 53, 53]
mbedstatem11 = [1, 7, 8, 21, 9, 10, 7, 8, 21, 22, 26, 17, 18, 4, 53, 53, 53, 53, 53, 53, 53, 53, 53, 53, 53, 53, 53, 53, 53, 53, 53, 53, 53, 53, 53, 53, 53, 53, 53, 53]
RFCstatem11 = [1, 7, 8, 21, 9, 10, 7, 8, 21, 22, 26, 17, 18, 4, 53, 53, 53, 53, 53, 53, 53, 53, 53, 53, 53, 53, 53, 53, 53, 53, 53, 53, 53, 53, 53, 53, 53, 53, 53, 53]
mbedstatem12 = [1, 7, 8, 21, 7, 8, 21, 22, 23, 24, 25, 26, 13, 14, 17, 18, 4, 53, 53, 53, 53, 53, 53, 53, 53, 53, 53, 53, 53, 53, 53, 53, 53, 53, 53, 53, 53, 53, 53, 53]
RFCstatem12 = [1, 7, 8, 21, 7, 8, 21, 22, 23, 24, 25, 26, 13, 14, 17, 18, 4, 53, 53, 53, 53, 53, 53, 53, 53, 53, 53, 53, 53, 53, 53, 53, 53, 53, 53, 53, 53, 53, 53, 53]
mbedstatem13 = [1, 7, 8, 9, 10, 21, 7, 8, 21, 22, 23, 24, 25, 26, 13, 14, 17, 18, 4, 53, 53, 53, 53, 53, 53, 53, 53, 53, 53, 53, 53, 53, 53, 53, 53, 53, 53, 53, 53, 53]
RFCstatem13 = [1, 7, 8, 9, 10, 21, 7, 8, 21, 22, 23, 24, 25, 26, 13, 14, 17, 18, 4, 53, 53, 53, 53, 53, 53, 53, 53, 53, 53, 53, 53, 53, 53, 53, 53, 53, 53, 53, 53, 53]
mbedstatem14 = [1, 7, 8, 21, 7, 8, 21, 22, 26, 17, 18, 4, 53, 53, 53, 53, 53, 53, 53, 53, 53, 53, 53, 53, 53, 53, 53, 53, 53, 53, 53, 53, 53, 53, 53, 53, 53, 53, 53, 53]
RFCstatem14 = [1, 7, 8, 21, 7, 8, 21, 22, 26, 17, 18, 4, 53, 53, 53, 53, 53, 53, 53, 53, 53, 53, 53, 53, 53, 53, 53, 53, 53, 53, 53, 53, 53, 53, 53, 53, 53, 53, 53, 53]
mbedstatem15 = [1, 7, 8, 9, 10, 21, 7, 8, 21, 22, 26, 17, 18, 4, 53, 53, 53, 53, 53, 53, 53, 53, 53, 53, 53, 53, 53, 53, 53, 53, 53, 53, 53, 53, 53, 53, 53, 53, 53, 53]
RFCstatem15 = [1, 7, 8, 9, 10, 21, 7, 8, 21, 22, 26, 17, 18, 4, 53, 53, 53, 53, 53, 53, 53, 53, 53, 53, 53, 53, 53, 53, 53, 53, 53, 53, 53, 53, 53, 53, 53, 53, 53, 53]
mbedstatem16 = [1, 7, 8, 21, 7, 8, 21, 22, 23, 24, 25, 26, 13, 14, 15, 16, 17, 18, 4, 53, 53, 53, 53, 53, 53, 53, 53, 53, 53, 53, 53, 53, 53, 53, 53, 53, 53, 53, 53, 53]
RFCstatem16 = [1, 7, 8, 21, 7, 8, 21, 22, 23, 24, 25, 26, 13, 14, 15, 16, 17, 18, 4, 53, 53, 53, 53, 53, 53, 53, 53, 53, 53, 53, 53, 53, 53, 53, 53, 53, 53, 53, 53, 53]
mbedstatem17 = [1, 7, 8, 21, 9, 10, 7, 8, 21, 22, 23, 24, 25, 26, 13, 14, 15, 16, 17, 18, 4, 53, 53, 53, 53, 53, 53, 53, 53, 53, 53, 53, 53, 53, 53, 53, 53, 53, 53, 53]
RFCstatem17 = [1, 7, 8, 21, 9, 10, 7, 8, 21, 22, 23, 24, 25, 26, 13, 14, 15, 16, 17, 18, 4, 53, 53, 53, 53, 53, 53, 53, 53, 53, 53, 53, 53, 53, 53, 53, 53, 53, 53, 53]
mbedstatem18 = [1, 7, 8, 21, 7, 8, 21, 22, 26, 17, 18, 4, 53, 53, 53, 53, 53, 53, 53, 53, 53, 53, 53, 53, 53, 53, 53, 53, 53, 53, 53, 53, 53, 53, 53, 53, 53, 53, 53, 53]
RFCstatem18 = [1, 7, 8, 21, 7, 8, 21, 22, 26, 17, 18, 4, 53, 53, 53, 53, 53, 53, 53, 53, 53, 53, 53, 53, 53, 53, 53, 53, 53, 53, 53, 53, 53, 53, 53, 53, 53, 53, 53, 53]
mbedstatem19 = [1, 7, 8, 21, 9, 10, 7, 8, 21, 22, 26, 17, 18, 4, 53, 53, 53, 53, 53, 53, 53, 53, 53, 53, 53, 53, 53, 53, 53, 53, 53, 53, 53, 53, 53, 53, 53, 53, 53, 53]
RFCstatem19 = [1, 7, 8, 21, 9, 10, 7, 8, 21, 22, 26, 17, 18, 4, 53, 53, 53, 53, 53, 53, 53, 53, 53, 53, 53, 53, 53, 53, 53, 53, 53, 53, 53, 53, 53, 53, 53, 53, 53, 53]
mbedstatem20 = [1, 7, 8, 21, 7, 8, 21, 22, 23, 24, 25, 26, 13, 14, 15, 16, 17, 18, 4, 53, 53, 53, 53, 53, 53, 53, 53, 53, 53, 53, 53, 53, 53, 53, 53, 53, 53, 53, 53, 53]
RFCstatem20 = [1, 7, 8, 21, 7, 8, 21, 22, 23, 24, 25, 26, 13, 14, 15, 16, 17, 18, 4, 53, 53, 53, 53, 53, 53, 53, 53, 53, 53, 53, 53, 53, 53, 53, 53, 53, 53, 53, 53, 53]
mbedstatem21 = [1, 7, 8, 9, 10, 21, 7, 8, 21, 22, 23, 24, 25, 26, 13, 14, 15, 16, 17, 18, 4, 53, 53, 53, 53, 53, 53, 53, 53, 53, 53, 53, 53, 53, 53, 53, 53, 53, 53, 53]
RFCstatem21 = [1, 7, 8, 9, 10, 21, 7, 8, 21, 22, 23, 24, 25, 26, 13, 14, 15, 16, 17, 18, 4, 53, 53, 53, 53, 53, 53, 53, 53, 53, 53, 53, 53, 53, 53, 53, 53, 53, 53, 53]
mbedstatem22 = [1, 7, 8, 21, 7, 8, 21, 22, 26, 17, 18, 4, 53, 53, 53, 53, 53, 53, 53, 53, 53, 53, 53, 53, 53, 53, 53, 53, 53, 53, 53, 53, 53, 53, 53, 53, 53, 53, 53, 53]
RFCstatem22 = [1, 7, 8, 21, 7, 8, 21, 22, 26, 17, 18, 4, 53, 53, 53, 53, 53, 53, 53, 53, 53, 53, 53, 53, 53, 53, 53, 53, 53, 53, 53, 53, 53, 53, 53, 53, 53, 53, 53, 53]
mbedstatem23 = [1, 7, 8, 9, 10, 21, 7, 8, 21, 22, 26, 17, 18, 4, 53, 53, 53, 53, 53, 53, 53, 53, 53, 53, 53, 53, 53, 53, 53, 53, 53, 53, 53, 53, 53, 53, 53, 53, 53, 53]
RFCstatem23 = [1, 7, 8, 9, 10, 21, 7, 8, 21, 22, 26, 17, 18, 4, 53, 53, 53, 53, 53, 53, 53, 53, 53, 53, 53, 53, 53, 53, 53, 53, 53, 53, 53, 53, 53, 53, 53, 53, 53, 53]
mbedstatem24 = [1, 7, 8, 21, 7, 8, 21, 22, 23, 24, 25, 26, 13, 14, 17, 18, 4, 53, 53, 53, 53, 53, 53, 53, 53, 53, 53, 53, 53, 53, 53, 53, 53, 53, 53, 53, 53, 53, 53, 53]
RFCstatem24 = [1, 7, 8, 21, 7, 8, 21, 22, 23, 24, 25, 26, 13, 14, 17, 18, 4, 53, 53, 53, 53, 53, 53, 53, 53, 53, 53, 53, 53, 53, 53, 53, 53, 53, 53, 53, 53, 53, 53, 53]
mbedstatem25 = [1, 7, 8, 21, 9, 10, 7, 8, 21, 22, 23, 24, 25, 26, 13, 14, 17, 18, 4, 53, 53, 53, 53, 53, 53, 53, 53, 53, 53, 53, 53, 53, 53, 53, 53, 53, 53, 53, 53, 53]
RFCstatem25 = [1, 7, 8, 21, 9, 10, 7, 8, 21, 22, 23, 24, 25, 26, 13, 14, 17, 18, 4, 53, 53, 53, 53, 53, 53, 53, 53, 53, 53, 53, 53, 53, 53, 53, 53, 53, 53, 53, 53, 53]
mbedstatem26 = [1, 7, 8, 21, 7, 8, 21, 22, 26, 17, 18, 4, 53, 53, 53, 53, 53, 53, 53, 53, 53, 53, 53, 53, 53, 53, 53, 53, 53, 53, 53, 53, 53, 53, 53, 53, 53, 53, 53, 53]
RFCstatem26 = [1, 7, 8, 21, 7, 8, 21, 22, 26, 17, 18, 4, 53, 53, 53, 53, 53, 53, 53, 53, 53, 53, 53, 53, 53, 53, 53, 53, 53, 53, 53, 53, 53, 53, 53, 53, 53, 53, 53, 53]
mbedstatem27 = [1, 7, 8, 21, 9, 10, 7, 8, 21, 22, 26, 17, 18, 4, 53, 53, 53, 53, 53, 53, 53, 53, 53, 53, 53, 53, 53, 53, 53, 53, 53, 53, 53, 53, 53, 53, 53, 53, 53, 53]
RFCstatem27 = [1, 7, 8, 21, 9, 10, 7, 8, 21, 22, 26, 17, 18, 4, 53, 53, 53, 53, 53, 53, 53, 53, 53, 53, 53, 53, 53, 53, 53, 53, 53, 53, 53, 53, 53, 53, 53, 53, 53, 53]
mbedstatem28 = [1, 7, 8, 21, 7, 8, 21, 22, 23, 24, 25, 26, 13, 14, 17, 18, 4, 53, 53, 53, 53, 53, 53, 53, 53, 53, 53, 53, 53, 53, 53, 53, 53, 53, 53, 53, 53, 53, 53, 53]
RFCstatem28 = [1, 7, 8, 21, 7, 8, 21, 22, 23, 24, 25, 26, 13, 14, 17, 18, 4, 53, 53, 53, 53, 53, 53, 53, 53, 53, 53, 53, 53, 53, 53, 53, 53, 53, 53, 53, 53, 53, 53, 53]
mbedstatem29 = [1, 7, 8, 9, 10, 21, 7, 8, 21, 22, 23, 24, 25, 26, 13, 14, 17, 18, 4, 53, 53, 53, 53, 53, 53, 53, 53, 53, 53, 53, 53, 53, 53, 53, 53, 53, 53, 53, 53, 53]
RFCstatem29 = [1, 7, 8, 9, 10, 21, 7, 8, 21, 22, 23, 24, 25, 26, 13, 14, 17, 18, 4, 53, 53, 53, 53, 53, 53, 53, 53, 53, 53, 53, 53, 53, 53, 53, 53, 53, 53, 53, 53, 53]
mbedstatem30 = [1, 7, 8, 21, 7, 8, 21, 22, 26, 17, 18, 4, 53, 53, 53, 53, 53, 53, 53, 53, 53, 53, 53, 53, 53, 53, 53, 53, 53, 53, 53, 53, 53, 53, 53, 53, 53, 53, 53, 53]
RFCstatem30 = [1, 7, 8, 21, 7, 8, 21, 22, 26, 17, 18, 4, 53, 53, 53, 53, 53, 53, 53, 53, 53, 53, 53, 53, 53, 53, 53, 53, 53, 53, 53, 53, 53, 53, 53, 53, 53, 53, 53, 53]
mbedstatem31 = [1, 7, 8, 9, 10, 21, 7, 8, 21, 22, 26, 17, 18, 4, 53, 53, 53, 53, 53, 53, 53, 53, 53, 53, 53, 53, 53, 53, 53, 53, 53, 53, 53, 53, 53, 53, 53, 53, 53, 53]
RFCstatem31 = [1, 7, 8, 9, 10, 21, 7, 8, 21, 22, 26, 17, 18, 4, 53, 53, 53, 53, 53, 53, 53, 53, 53, 53, 53, 53, 53, 53, 53, 53, 53, 53, 53, 53, 53, 53, 53, 53, 53, 53]
mbedstatem36 = [1, 7, 8, 21, 7, 8, 21, 22, 23, 24, 25, 26, 11, 12, 13, 14, 15, 16, 17, 18, 4, 53, 53, 53, 53, 53, 53, 53, 53, 53, 53, 53, 53, 53, 53, 53, 53, 53, 53, 53]
RFCstatem36 = [1, 7, 8, 21, 7, 8, 21, 22, 23, 24, 25, 26, 11, 12, 13, 14, 15, 16, 17, 18, 4, 53, 53, 53, 53, 53, 53, 53, 53, 53, 53, 53, 53, 53, 53, 53, 53, 53, 53, 53]
mbedstatem37 = [1, 7, 8, 9, 10, 21, 7, 8, 21, 22, 23, 24, 25, 26, 11, 12, 13, 14, 15, 16, 17, 18, 4, 53, 53, 53, 53, 53, 53, 53, 53, 53, 53, 53, 53, 53, 53, 53, 53, 53]
RFCstatem37 = [1, 7, 8, 9, 10, 21, 7, 8, 21, 22, 23, 24, 25, 26, 11, 12, 13, 14, 15, 16, 17, 18, 4, 53, 53, 53, 53, 53, 53, 53, 53, 53, 53, 53, 53, 53, 53, 53, 53, 53]
mbedstatem38 = [1, 7, 8, 21, 7, 8, 21, 22, 26, 11, 12, 17, 18, 4, 53, 53, 53, 53, 53, 53, 53, 53, 53, 53, 53, 53, 53, 53, 53, 53, 53, 53, 53, 53, 53, 53, 53, 53, 53, 53]
RFCstatem38 = [1, 7, 8, 21, 7, 8, 21, 22, 26, 11, 12, 17, 18, 4, 53, 53, 53, 53, 53, 53, 53, 53, 53, 53, 53, 53, 53, 53, 53, 53, 53, 53, 53, 53, 53, 53, 53, 53, 53, 53]
mbedstatem39 = [1, 7, 8, 9, 10, 21, 7, 8, 21, 22, 26, 11, 12, 17, 18, 4, 53, 53, 53, 53, 53, 53, 53, 53, 53, 53, 53, 53, 53, 53, 53, 53, 53, 53, 53, 53, 53, 53, 53, 53]
RFCstatem39 = [1, 7, 8, 9, 10, 21, 7, 8, 21, 22, 26, 11, 12, 17, 18, 4, 53, 53, 53, 53, 53, 53, 53, 53, 53, 53, 53, 53, 53, 53, 53, 53, 53, 53, 53, 53, 53, 53, 53, 53]
mbedstatem44 = [1, 7, 8, 21, 7, 8, 21, 22, 23, 24, 25, 26, 11, 12, 13, 14, 17, 18, 4, 53, 53, 53, 53, 53, 53, 53, 53, 53, 53, 53, 53, 53, 53, 53, 53, 53, 53, 53, 53, 53]
RFCstatem44 = [1, 7, 8, 21, 7, 8, 21, 22, 23, 24, 25, 26, 11, 12, 13, 14, 17, 18, 4, 53, 53, 53, 53, 53, 53, 53, 53, 53, 53, 53, 53, 53, 53, 53, 53, 53, 53, 53, 53, 53]
mbedstatem45 = [1, 7, 8, 9, 10, 21, 7, 8, 21, 22, 23, 24, 25, 26, 11, 12, 13, 14, 17, 18, 4, 53, 53, 53, 53, 53, 53, 53, 53, 53, 53, 53, 53, 53, 53, 53, 53, 53, 53, 53]
RFCstatem45 = [1, 7, 8, 9, 10, 21, 7, 8, 21, 22, 23, 24, 25, 26, 11, 12, 13, 14, 17, 18, 4, 53, 53, 53, 53, 53, 53, 53, 53, 53, 53, 53, 53, 53, 53, 53, 53, 53, 53, 53]
mbedstatem46 = [1, 7, 8, 21, 7, 8, 21, 22, 26, 11, 12, 17, 18, 4, 53, 53, 53, 53, 53, 53, 53, 53, 53, 53, 53, 53, 53, 53, 53, 53, 53, 53, 53, 53, 53, 53, 53, 53, 53, 53]
RFCstatem46 = [1, 7, 8, 21, 7, 8, 21, 22, 26, 11, 12, 17, 18, 4, 53, 53, 53, 53, 53, 53, 53, 53, 53, 53, 53, 53, 53, 53, 53, 53, 53, 53, 53, 53, 53, 53, 53, 53, 53, 53]
mbedstatem47 = [1, 7, 8, 9, 10, 21, 7, 8, 21, 22, 26, 11, 12, 17, 18, 4, 53, 53, 53, 53, 53, 53, 53, 53, 53, 53, 53, 53, 53, 53, 53, 53, 53, 53, 53, 53, 53, 53, 53, 53]
RFCstatem47 = [1, 7, 8, 9, 10, 21, 7, 8, 21, 22, 26, 11, 12, 17, 18, 4, 53, 53, 53, 53, 53, 53, 53, 53, 53, 53, 53, 53, 53, 53, 53, 53, 53, 53, 53, 53, 53, 53, 53, 53]
mbedstatem52 = [1, 7, 8, 21, 7, 8, 21, 22, 23, 24, 25, 26, 11, 12, 13, 14, 15, 16, 17, 18, 4, 53, 53, 53, 53, 53, 53, 53, 53, 53, 53, 53, 53, 53, 53, 53, 53, 53, 53, 53]
RFCstatem52 = [1, 7, 8, 21, 7, 8, 21, 22, 23, 24, 25, 26, 11, 12, 13, 14, 15, 16, 17, 18, 4, 53, 53, 53, 53, 53, 53, 53, 53, 53, 53, 53, 53, 53, 53, 53, 53, 53, 53, 53]
mbedstatem53 = [1, 7, 8, 9, 10, 21, 7, 8, 21, 22, 23, 24, 25, 26, 11, 12, 13, 14, 15, 16, 17, 18, 4, 53, 53, 53, 53, 53, 53, 53, 53, 53, 53, 53, 53, 53, 53, 53, 53, 53]
RFCstatem53 = [1, 7, 8, 9, 10, 21, 7, 8, 21, 22, 23, 24, 25, 26, 11, 12, 13, 14, 15, 16, 17, 18, 4, 53, 53, 53, 53, 53, 53, 53, 53, 53, 53, 53, 53, 53, 53, 53, 53, 53]
mbedstatem54 = [1, 7, 8, 21, 7, 8, 21, 22, 26, 11, 12, 17, 18, 4, 53, 53, 53, 53, 53, 53, 53, 53, 53, 53, 53, 53, 53, 53, 53, 53, 53, 53, 53, 53, 53, 53, 53, 53, 53, 53]
RFCstatem54 = [1, 7, 8, 21, 7, 8, 21, 22, 26, 11, 12, 17, 18, 4, 53, 53, 53, 53, 53, 53, 53, 53, 53, 53, 53, 53, 53, 53, 53, 53, 53, 53, 53, 53, 53, 53, 53, 53, 53, 53]
mbedstatem55 = [1, 7, 8, 9, 10, 21, 7, 8, 21, 22, 26, 11, 12, 17, 18, 4, 53, 53, 53, 53, 53, 53, 53, 53, 53, 53, 53, 53, 53, 53, 53, 53, 53, 53, 53, 53, 53, 53, 53, 53]
RFCstatem55 = [1, 7, 8, 9, 10, 21, 7, 8, 21, 22, 26, 11, 12, 17, 18, 4, 53, 53, 53, 53, 53, 53, 53, 53, 53, 53, 53, 53, 53, 53, 53, 53, 53, 53, 53, 53, 53, 53, 53, 53]
mbedstatem60 = [1, 7, 8, 21, 7, 8, 21, 22, 23, 24, 25, 26, 11, 12, 13, 14, 17, 18, 4, 53, 53, 53, 53, 53, 53, 53, 53, 53, 53, 53, 53, 53, 53, 53, 53, 53, 53, 53, 53, 53]
RFCstatem60 = [1, 7, 8, 21, 7, 8, 21, 22, 23, 24, 25, 26, 11, 12, 13, 14, 17, 18, 4, 53, 53, 53, 53, 53, 53, 53, 53, 53, 53, 53, 53, 53, 53, 53, 53, 53, 53, 53, 53, 53]
mbedstatem61 = [1, 7, 8, 9, 10, 21, 7, 8, 21, 22, 23, 24, 25, 26, 11, 12, 13, 14, 17, 18, 4, 53, 53, 53, 53, 53, 53, 53, 53, 53, 53, 53, 53, 53, 53, 53, 53, 53, 53, 53]
RFCstatem61 = [1, 7, 8, 9, 10, 21, 7, 8, 21, 22, 23, 24, 25, 26, 11, 12, 13, 14, 17, 18, 4, 53, 53, 53, 53, 53, 53, 53, 53, 53, 53, 53, 53, 53, 53, 53, 53, 53, 53, 53]
mbedstatem62 = [1, 7, 8, 21, 7, 8, 21, 22, 26, 11, 12, 17, 18, 4, 53, 53, 53, 53, 53, 53, 53, 53, 53, 53, 53, 53, 53, 53, 53, 53, 53, 53, 53, 53, 53, 53, 53, 53, 53, 53]
RFCstatem62 = [1, 7, 8, 21, 7, 8, 21, 22, 26, 11, 12, 17, 18, 4, 53, 53, 53, 53, 53, 53, 53, 53, 53, 53, 53, 53, 53, 53, 53, 53, 53, 53, 53, 53, 53, 53, 53, 53, 53, 53]
mbedstatem63 = [1, 7, 8, 9, 10, 21, 7, 8, 21, 22, 26, 11, 12, 17, 18, 4, 53, 53, 53, 53, 53, 53, 53, 53, 53, 53, 53, 53, 53, 53, 53, 53, 53, 53, 53, 53, 53, 53, 53, 53]
RFCstatem63 = [1, 7, 8, 9, 10, 21, 7, 8, 21, 22, 26, 11, 12, 17, 18, 4, 53, 53, 53, 53, 53, 53, 53, 53, 53, 53, 53, 53, 53, 53, 53, 53, 53, 53, 53, 53, 53, 53, 53, 53]
