mbedstatem0 = [1, 47, 29, 30, 31, 32, 37, 38, 39, 40, 41, 42, 51, 4, 53, 53, 53, 53, 53, 53, 53, 53, 53, 53, 53, 53, 53, 53, 53, 53, 53, 53, 53, 53, 53, 53, 53, 53, 53, 53]
RFCstatem0 = [1, 47, 29, 30, 31, 32, 37, 38, 39, 40, 41, 42, 51, 4, 53, 53, 53, 53, 53, 53, 53, 53, 53, 53, 53, 53, 53, 53, 53, 53, 53, 53, 53, 53, 53, 53, 53, 53, 53, 53]
mbedstatem1 = [1, 47, 29, 30, 33, 34, 31, 32, 37, 38, 39, 40, 41, 42, 51, 4, 53, 53, 53, 53, 53, 53, 53, 53, 53, 53, 53, 53, 53, 53, 53, 53, 53, 53, 53, 53, 53, 53, 53, 53]
RFCstatem1 = [1, 47, 29, 30, 33, 34, 31, 32, 37, 38, 39, 40, 41, 42, 51, 4, 53, 53, 53, 53, 53, 53, 53, 53, 53, 53, 53, 53, 53, 53, 53, 53, 53, 53, 53, 53, 53, 53, 53, 53]
mbedstatem2 = [1, 47, 29, 30, 31, 32, 41, 42, 51, 4, 53, 53, 53, 53, 53, 53, 53, 53, 53, 53, 53, 53, 53, 53, 53, 53, 53, 53, 53, 53, 53, 53, 53, 53, 53, 53, 53, 53, 53, 53]
RFCstatem2 = [1, 47, 29, 30, 31, 32, 41, 42, 51, 4, 53, 53, 53, 53, 53, 53, 53, 53, 53, 53, 53, 53, 53, 53, 53, 53, 53, 53, 53, 53, 53, 53, 53, 53, 53, 53, 53, 53, 53, 53]
mbedstatem3 = [1, 47, 29, 30, 33, 34, 31, 32, 41, 42, 51, 4, 53, 53, 53, 53, 53, 53, 53, 53, 53, 53, 53, 53, 53, 53, 53, 53, 53, 53, 53, 53, 53, 53, 53, 53, 53, 53, 53, 53]
RFCstatem3 = [1, 47, 29, 30, 33, 34, 31, 32, 41, 42, 51, 4, 53, 53, 53, 53, 53, 53, 53, 53, 53, 53, 53, 53, 53, 53, 53, 53, 53, 53, 53, 53, 53, 53, 53, 53, 53, 53, 53, 53]
mbedstatem4 = [1, 47, 29, 30, 31, 32, 37, 38, 39, 40, 41, 42, 51, 4, 53, 53, 53, 53, 53, 53, 53, 53, 53, 53, 53, 53, 53, 53, 53, 53, 53, 53, 53, 53, 53, 53, 53, 53, 53, 53]
RFCstatem4 = [1, 47, 29, 30, 31, 32, 37, 38, 39, 40, 41, 42, 51, 4, 53, 53, 53, 53, 53, 53, 53, 53, 53, 53, 53, 53, 53, 53, 53, 53, 53, 53, 53, 53, 53, 53, 53, 53, 53, 53]
mbedstatem5 = [1, 47, 29, 30, 33, 34, 31, 32, 37, 38, 39, 40, 41, 42, 51, 4, 53, 53, 53, 53, 53, 53, 53, 53, 53, 53, 53, 53, 53, 53, 53, 53, 53, 53, 53, 53, 53, 53, 53, 53]
RFCstatem5 = [1, 47, 29, 30, 33, 34, 31, 32, 37, 38, 39, 40, 41, 42, 51, 4, 53, 53, 53, 53, 53, 53, 53, 53, 53, 53, 53, 53, 53, 53, 53, 53, 53, 53, 53, 53, 53, 53, 53, 53]
mbedstatem6 = [1, 47, 29, 30, 31, 32, 41, 42, 51, 4, 53, 53, 53, 53, 53, 53, 53, 53, 53, 53, 53, 53, 53, 53, 53, 53, 53, 53, 53, 53, 53, 53, 53, 53, 53, 53, 53, 53, 53, 53]
RFCstatem6 = [1, 47, 29, 30, 31, 32, 41, 42, 51, 4, 53, 53, 53, 53, 53, 53, 53, 53, 53, 53, 53, 53, 53, 53, 53, 53, 53, 53, 53, 53, 53, 53, 53, 53, 53, 53, 53, 53, 53, 53]
mbedstatem7 = [1, 47, 29, 30, 33, 34, 31, 32, 41, 42, 51, 4, 53, 53, 53, 53, 53, 53, 53, 53, 53, 53, 53, 53, 53, 53, 53, 53, 53, 53, 53, 53, 53, 53, 53, 53, 53, 53, 53, 53]
RFCstatem7 = [1, 47, 29, 30, 33, 34, 31, 32, 41, 42, 51, 4, 53, 53, 53, 53, 53, 53, 53, 53, 53, 53, 53, 53, 53, 53, 53, 53, 53, 53, 53, 53, 53, 53, 53, 53, 53, 53, 53, 53]
mbedstatem8 = [1, 47, 29, 30, 31, 32, 35, 36, 37, 38, 39, 40, 41, 42, 49, 50, 51, 4, 53, 53, 53, 53, 53, 53, 53, 53, 53, 53, 53, 53, 53, 53, 53, 53, 53, 53, 53, 53, 53, 53]
RFCstatem8 = [1, 47, 29, 30, 31, 32, 35, 36, 37, 38, 39, 40, 41, 42, 49, 50, 51, 4, 53, 53, 53, 53, 53, 53, 53, 53, 53, 53, 53, 53, 53, 53, 53, 53, 53, 53, 53, 53, 53, 53]
mbedstatem9 = [1, 47, 29, 30, 33, 34, 31, 32, 35, 36, 37, 38, 39, 40, 41, 42, 49, 50, 51, 4, 53, 53, 53, 53, 53, 53, 53, 53, 53, 53, 53, 53, 53, 53, 53, 53, 53, 53, 53, 53]
RFCstatem9 = [1, 47, 29, 30, 33, 34, 31, 32, 35, 36, 37, 38, 39, 40, 41, 42, 49, 50, 51, 4, 53, 53, 53, 53, 53, 53, 53, 53, 53, 53, 53, 53, 53, 53, 53, 53, 53, 53, 53, 53]
mbedstatem10 = [1, 47, 29, 30, 31, 32, 41, 42, 49, 50, 51, 4, 53, 53, 53, 53, 53, 53, 53, 53, 53, 53, 53, 53, 53, 53, 53, 53, 53, 53, 53, 53, 53, 53, 53, 53, 53, 53, 53, 53]
RFCstatem10 = [1, 47, 29, 30, 31, 32, 41, 42, 49, 50, 51, 4, 53, 53, 53, 53, 53, 53, 53, 53, 53, 53, 53, 53, 53, 53, 53, 53, 53, 53, 53, 53, 53, 53, 53, 53, 53, 53, 53, 53]
mbedstatem11 = [1, 47, 29, 30, 33, 34, 31, 32, 41, 42, 49, 50, 51, 4, 53, 53, 53, 53, 53, 53, 53, 53, 53, 53, 53, 53, 53, 53, 53, 53, 53, 53, 53, 53, 53, 53, 53, 53, 53, 53]
RFCstatem11 = [1, 47, 29, 30, 33, 34, 31, 32, 41, 42, 49, 50, 51, 4, 53, 53, 53, 53, 53, 53, 53, 53, 53, 53, 53, 53, 53, 53, 53, 53, 53, 53, 53, 53, 53, 53, 53, 53, 53, 53]
mbedstatem12 = [1, 47, 29, 30, 31, 32, 35, 36, 37, 38, 39, 40, 41, 42, 49, 50, 51, 4, 53, 53, 53, 53, 53, 53, 53, 53, 53, 53, 53, 53, 53, 53, 53, 53, 53, 53, 53, 53, 53, 53]
RFCstatem12 = [1, 47, 29, 30, 31, 32, 35, 36, 37, 38, 39, 40, 41, 42, 49, 50, 51, 4, 53, 53, 53, 53, 53, 53, 53, 53, 53, 53, 53, 53, 53, 53, 53, 53, 53, 53, 53, 53, 53, 53]
mbedstatem13 = [1, 47, 29, 30, 33, 34, 31, 32, 35, 36, 37, 38, 39, 40, 41, 42, 49, 50, 51, 4, 53, 53, 53, 53, 53, 53, 53, 53, 53, 53, 53, 53, 53, 53, 53, 53, 53, 53, 53, 53]
RFCstatem13 = [1, 47, 29, 30, 33, 34, 31, 32, 35, 36, 37, 38, 39, 40, 41, 42, 49, 50, 51, 4, 53, 53, 53, 53, 53, 53, 53, 53, 53, 53, 53, 53, 53, 53, 53, 53, 53, 53, 53, 53]
mbedstatem14 = [1, 47, 29, 30, 31, 32, 41, 42, 49, 50, 51, 4, 53, 53, 53, 53, 53, 53, 53, 53, 53, 53, 53, 53, 53, 53, 53, 53, 53, 53, 53, 53, 53, 53, 53, 53, 53, 53, 53, 53]
RFCstatem14 = [1, 47, 29, 30, 31, 32, 41, 42, 49, 50, 51, 4, 53, 53, 53, 53, 53, 53, 53, 53, 53, 53, 53, 53, 53, 53, 53, 53, 53, 53, 53, 53, 53, 53, 53, 53, 53, 53, 53, 53]
mbedstatem15 = [1, 47, 29, 30, 33, 34, 31, 32, 41, 42, 49, 50, 51, 4, 53, 53, 53, 53, 53, 53, 53, 53, 53, 53, 53, 53, 53, 53, 53, 53, 53, 53, 53, 53, 53, 53, 53, 53, 53, 53]
RFCstatem15 = [1, 47, 29, 30, 33, 34, 31, 32, 41, 42, 49, 50, 51, 4, 53, 53, 53, 53, 53, 53, 53, 53, 53, 53, 53, 53, 53, 53, 53, 53, 53, 53, 53, 53, 53, 53, 53, 53, 53, 53]
mbedstatem16 = [1, 47, 29, 30, 31, 32, 37, 38, 39, 40, 41, 42, 51, 4, 53, 53, 53, 53, 53, 53, 53, 53, 53, 53, 53, 53, 53, 53, 53, 53, 53, 53, 53, 53, 53, 53, 53, 53, 53, 53]
RFCstatem16 = [1, 47, 29, 30, 31, 32, 37, 38, 39, 40, 41, 42, 51, 4, 53, 53, 53, 53, 53, 53, 53, 53, 53, 53, 53, 53, 53, 53, 53, 53, 53, 53, 53, 53, 53, 53, 53, 53, 53, 53]
mbedstatem17 = [1, 47, 29, 30, 33, 34, 31, 32, 37, 38, 39, 40, 41, 42, 51, 4, 53, 53, 53, 53, 53, 53, 53, 53, 53, 53, 53, 53, 53, 53, 53, 53, 53, 53, 53, 53, 53, 53, 53, 53]
RFCstatem17 = [1, 47, 29, 30, 33, 34, 31, 32, 37, 38, 39, 40, 41, 42, 51, 4, 53, 53, 53, 53, 53, 53, 53, 53, 53, 53, 53, 53, 53, 53, 53, 53, 53, 53, 53, 53, 53, 53, 53, 53]
mbedstatem18 = [1, 47, 29, 30, 31, 32, 41, 42, 51, 4, 53, 53, 53, 53, 53, 53, 53, 53, 53, 53, 53, 53, 53, 53, 53, 53, 53, 53, 53, 53, 53, 53, 53, 53, 53, 53, 53, 53, 53, 53]
RFCstatem18 = [1, 47, 29, 30, 31, 32, 41, 42, 51, 4, 53, 53, 53, 53, 53, 53, 53, 53, 53, 53, 53, 53, 53, 53, 53, 53, 53, 53, 53, 53, 53, 53, 53, 53, 53, 53, 53, 53, 53, 53]
mbedstatem19 = [1, 47, 29, 30, 33, 34, 31, 32, 41, 42, 51, 4, 53, 53, 53, 53, 53, 53, 53, 53, 53, 53, 53, 53, 53, 53, 53, 53, 53, 53, 53, 53, 53, 53, 53, 53, 53, 53, 53, 53]
RFCstatem19 = [1, 47, 29, 30, 33, 34, 31, 32, 41, 42, 51, 4, 53, 53, 53, 53, 53, 53, 53, 53, 53, 53, 53, 53, 53, 53, 53, 53, 53, 53, 53, 53, 53, 53, 53, 53, 53, 53, 53, 53]
mbedstatem20 = [1, 47, 29, 30, 31, 32, 37, 38, 39, 40, 41, 42, 51, 4, 53, 53, 53, 53, 53, 53, 53, 53, 53, 53, 53, 53, 53, 53, 53, 53, 53, 53, 53, 53, 53, 53, 53, 53, 53, 53]
RFCstatem20 = [1, 47, 29, 30, 31, 32, 37, 38, 39, 40, 41, 42, 51, 4, 53, 53, 53, 53, 53, 53, 53, 53, 53, 53, 53, 53, 53, 53, 53, 53, 53, 53, 53, 53, 53, 53, 53, 53, 53, 53]
mbedstatem21 = [1, 47, 29, 30, 33, 34, 31, 32, 37, 38, 39, 40, 41, 42, 51, 4, 53, 53, 53, 53, 53, 53, 53, 53, 53, 53, 53, 53, 53, 53, 53, 53, 53, 53, 53, 53, 53, 53, 53, 53]
RFCstatem21 = [1, 47, 29, 30, 33, 34, 31, 32, 37, 38, 39, 40, 41, 42, 51, 4, 53, 53, 53, 53, 53, 53, 53, 53, 53, 53, 53, 53, 53, 53, 53, 53, 53, 53, 53, 53, 53, 53, 53, 53]
mbedstatem22 = [1, 47, 29, 30, 31, 32, 41, 42, 51, 4, 53, 53, 53, 53, 53, 53, 53, 53, 53, 53, 53, 53, 53, 53, 53, 53, 53, 53, 53, 53, 53, 53, 53, 53, 53, 53, 53, 53, 53, 53]
RFCstatem22 = [1, 47, 29, 30, 31, 32, 41, 42, 51, 4, 53, 53, 53, 53, 53, 53, 53, 53, 53, 53, 53, 53, 53, 53, 53, 53, 53, 53, 53, 53, 53, 53, 53, 53, 53, 53, 53, 53, 53, 53]
mbedstatem23 = [1, 47, 29, 30, 33, 34, 31, 32, 41, 42, 51, 4, 53, 53, 53, 53, 53, 53, 53, 53, 53, 53, 53, 53, 53, 53, 53, 53, 53, 53, 53, 53, 53, 53, 53, 53, 53, 53, 53, 53]
RFCstatem23 = [1, 47, 29, 30, 33, 34, 31, 32, 41, 42, 51, 4, 53, 53, 53, 53, 53, 53, 53, 53, 53, 53, 53, 53, 53, 53, 53, 53, 53, 53, 53, 53, 53, 53, 53, 53, 53, 53, 53, 53]
mbedstatem24 = [1, 47, 29, 30, 31, 32, 35, 36, 37, 38, 39, 40, 41, 42, 49, 51, 4, 53, 53, 53, 53, 53, 53, 53, 53, 53, 53, 53, 53, 53, 53, 53, 53, 53, 53, 53, 53, 53, 53, 53]
RFCstatem24 = [1, 47, 29, 30, 31, 32, 35, 36, 37, 38, 39, 40, 41, 42, 49, 51, 4, 53, 53, 53, 53, 53, 53, 53, 53, 53, 53, 53, 53, 53, 53, 53, 53, 53, 53, 53, 53, 53, 53, 53]
mbedstatem25 = [1, 47, 29, 30, 33, 34, 31, 32, 35, 36, 37, 38, 39, 40, 41, 42, 49, 51, 4, 53, 53, 53, 53, 53, 53, 53, 53, 53, 53, 53, 53, 53, 53, 53, 53, 53, 53, 53, 53, 53]
RFCstatem25 = [1, 47, 29, 30, 33, 34, 31, 32, 35, 36, 37, 38, 39, 40, 41, 42, 49, 51, 4, 53, 53, 53, 53, 53, 53, 53, 53, 53, 53, 53, 53, 53, 53, 53, 53, 53, 53, 53, 53, 53]
mbedstatem26 = [1, 47, 29, 30, 31, 32, 41, 42, 49, 51, 4, 53, 53, 53, 53, 53, 53, 53, 53, 53, 53, 53, 53, 53, 53, 53, 53, 53, 53, 53, 53, 53, 53, 53, 53, 53, 53, 53, 53, 53]
RFCstatem26 = [1, 47, 29, 30, 31, 32, 41, 42, 49, 51, 4, 53, 53, 53, 53, 53, 53, 53, 53, 53, 53, 53, 53, 53, 53, 53, 53, 53, 53, 53, 53, 53, 53, 53, 53, 53, 53, 53, 53, 53]
mbedstatem27 = [1, 47, 29, 30, 33, 34, 31, 32, 41, 42, 49, 51, 4, 53, 53, 53, 53, 53, 53, 53, 53, 53, 53, 53, 53, 53, 53, 53, 53, 53, 53, 53, 53, 53, 53, 53, 53, 53, 53, 53]
RFCstatem27 = [1, 47, 29, 30, 33, 34, 31, 32, 41, 42, 49, 51, 4, 53, 53, 53, 53, 53, 53, 53, 53, 53, 53, 53, 53, 53, 53, 53, 53, 53, 53, 53, 53, 53, 53, 53, 53, 53, 53, 53]
mbedstatem28 = [1, 47, 29, 30, 31, 32, 35, 36, 37, 38, 39, 40, 41, 42, 49, 51, 4, 53, 53, 53, 53, 53, 53, 53, 53, 53, 53, 53, 53, 53, 53, 53, 53, 53, 53, 53, 53, 53, 53, 53]
RFCstatem28 = [1, 47, 29, 30, 31, 32, 35, 36, 37, 38, 39, 40, 41, 42, 49, 51, 4, 53, 53, 53, 53, 53, 53, 53, 53, 53, 53, 53, 53, 53, 53, 53, 53, 53, 53, 53, 53, 53, 53, 53]
mbedstatem29 = [1, 47, 29, 30, 33, 34, 31, 32, 35, 36, 37, 38, 39, 40, 41, 42, 49, 51, 4, 53, 53, 53, 53, 53, 53, 53, 53, 53, 53, 53, 53, 53, 53, 53, 53, 53, 53, 53, 53, 53]
RFCstatem29 = [1, 47, 29, 30, 33, 34, 31, 32, 35, 36, 37, 38, 39, 40, 41, 42, 49, 51, 4, 53, 53, 53, 53, 53, 53, 53, 53, 53, 53, 53, 53, 53, 53, 53, 53, 53, 53, 53, 53, 53]
mbedstatem30 = [1, 47, 29, 30, 31, 32, 41, 42, 49, 51, 4, 53, 53, 53, 53, 53, 53, 53, 53, 53, 53, 53, 53, 53, 53, 53, 53, 53, 53, 53, 53, 53, 53, 53, 53, 53, 53, 53, 53, 53]
RFCstatem30 = [1, 47, 29, 30, 31, 32, 41, 42, 49, 51, 4, 53, 53, 53, 53, 53, 53, 53, 53, 53, 53, 53, 53, 53, 53, 53, 53, 53, 53, 53, 53, 53, 53, 53, 53, 53, 53, 53, 53, 53]
mbedstatem31 = [1, 47, 29, 30, 33, 34, 31, 32, 41, 42, 49, 51, 4, 53, 53, 53, 53, 53, 53, 53, 53, 53, 53, 53, 53, 53, 53, 53, 53, 53, 53, 53, 53, 53, 53, 53, 53, 53, 53, 53]
RFCstatem31 = [1, 47, 29, 30, 33, 34, 31, 32, 41, 42, 49, 51, 4, 53, 53, 53, 53, 53, 53, 53, 53, 53, 53, 53, 53, 53, 53, 53, 53, 53, 53, 53, 53, 53, 53, 53, 53, 53, 53, 53]
mbedstatem36 = [1, 47, 29, 30, 31, 32, 37, 38, 39, 40, 41, 42, 48, 51, 4, 53, 53, 53, 53, 53, 53, 53, 53, 53, 53, 53, 53, 53, 53, 53, 53, 53, 53, 53, 53, 53, 53, 53, 53, 53]
RFCstatem36 = [1, 47, 29, 30, 31, 32, 37, 38, 39, 40, 41, 42, 48, 51, 4, 53, 53, 53, 53, 53, 53, 53, 53, 53, 53, 53, 53, 53, 53, 53, 53, 53, 53, 53, 53, 53, 53, 53, 53, 53]
mbedstatem37 = [1, 47, 29, 30, 33, 34, 31, 32, 37, 38, 39, 40, 41, 42, 48, 51, 4, 53, 53, 53, 53, 53, 53, 53, 53, 53, 53, 53, 53, 53, 53, 53, 53, 53, 53, 53, 53, 53, 53, 53]
RFCstatem37 = [1, 47, 29, 30, 33, 34, 31, 32, 37, 38, 39, 40, 41, 42, 48, 51, 4, 53, 53, 53, 53, 53, 53, 53, 53, 53, 53, 53, 53, 53, 53, 53, 53, 53, 53, 53, 53, 53, 53, 53]
mbedstatem38 = [1, 47, 29, 30, 31, 32, 41, 42, 48, 51, 4, 53, 53, 53, 53, 53, 53, 53, 53, 53, 53, 53, 53, 53, 53, 53, 53, 53, 53, 53, 53, 53, 53, 53, 53, 53, 53, 53, 53, 53]
RFCstatem38 = [1, 47, 29, 30, 31, 32, 41, 42, 48, 51, 4, 53, 53, 53, 53, 53, 53, 53, 53, 53, 53, 53, 53, 53, 53, 53, 53, 53, 53, 53, 53, 53, 53, 53, 53, 53, 53, 53, 53, 53]
mbedstatem39 = [1, 47, 29, 30, 33, 34, 31, 32, 41, 42, 48, 51, 4, 53, 53, 53, 53, 53, 53, 53, 53, 53, 53, 53, 53, 53, 53, 53, 53, 53, 53, 53, 53, 53, 53, 53, 53, 53, 53, 53]
RFCstatem39 = [1, 47, 29, 30, 33, 34, 31, 32, 41, 42, 48, 51, 4, 53, 53, 53, 53, 53, 53, 53, 53, 53, 53, 53, 53, 53, 53, 53, 53, 53, 53, 53, 53, 53, 53, 53, 53, 53, 53, 53]
mbedstatem44 = [1, 47, 29, 30, 31, 32, 35, 36, 37, 38, 39, 40, 41, 42, 48, 49, 50, 51, 4, 53, 53, 53, 53, 53, 53, 53, 53, 53, 53, 53, 53, 53, 53, 53, 53, 53, 53, 53, 53, 53]
RFCstatem44 = [1, 47, 29, 30, 31, 32, 35, 36, 37, 38, 39, 40, 41, 42, 48, 49, 50, 51, 4, 53, 53, 53, 53, 53, 53, 53, 53, 53, 53, 53, 53, 53, 53, 53, 53, 53, 53, 53, 53, 53]
mbedstatem45 = [1, 47, 29, 30, 33, 34, 31, 32, 35, 36, 37, 38, 39, 40, 41, 42, 48, 49, 50, 51, 4, 53, 53, 53, 53, 53, 53, 53, 53, 53, 53, 53, 53, 53, 53, 53, 53, 53, 53, 53]
RFCstatem45 = [1, 47, 29, 30, 33, 34, 31, 32, 35, 36, 37, 38, 39, 40, 41, 42, 48, 49, 50, 51, 4, 53, 53, 53, 53, 53, 53, 53, 53, 53, 53, 53, 53, 53, 53, 53, 53, 53, 53, 53]
mbedstatem46 = [1, 47, 29, 30, 31, 32, 41, 42, 48, 51, 4, 53, 53, 53, 53, 53, 53, 53, 53, 53, 53, 53, 53, 53, 53, 53, 53, 53, 53, 53, 53, 53, 53, 53, 53, 53, 53, 53, 53, 53]
RFCstatem46 = [1, 47, 29, 30, 31, 32, 41, 42, 48, 51, 4, 53, 53, 53, 53, 53, 53, 53, 53, 53, 53, 53, 53, 53, 53, 53, 53, 53, 53, 53, 53, 53, 53, 53, 53, 53, 53, 53, 53, 53]
mbedstatem47 = [1, 47, 29, 30, 33, 34, 31, 32, 41, 42, 48, 51, 4, 53, 53, 53, 53, 53, 53, 53, 53, 53, 53, 53, 53, 53, 53, 53, 53, 53, 53, 53, 53, 53, 53, 53, 53, 53, 53, 53]
RFCstatem47 = [1, 47, 29, 30, 33, 34, 31, 32, 41, 42, 48, 51, 4, 53, 53, 53, 53, 53, 53, 53, 53, 53, 53, 53, 53, 53, 53, 53, 53, 53, 53, 53, 53, 53, 53, 53, 53, 53, 53, 53]
mbedstatem52 = [1, 47, 29, 30, 31, 32, 37, 38, 39, 40, 41, 42, 48, 51, 4, 53, 53, 53, 53, 53, 53, 53, 53, 53, 53, 53, 53, 53, 53, 53, 53, 53, 53, 53, 53, 53, 53, 53, 53, 53]
RFCstatem52 = [1, 47, 29, 30, 31, 32, 37, 38, 39, 40, 41, 42, 48, 51, 4, 53, 53, 53, 53, 53, 53, 53, 53, 53, 53, 53, 53, 53, 53, 53, 53, 53, 53, 53, 53, 53, 53, 53, 53, 53]
mbedstatem53 = [1, 47, 29, 30, 33, 34, 31, 32, 37, 38, 39, 40, 41, 42, 48, 51, 4, 53, 53, 53, 53, 53, 53, 53, 53, 53, 53, 53, 53, 53, 53, 53, 53, 53, 53, 53, 53, 53, 53, 53]
RFCstatem53 = [1, 47, 29, 30, 33, 34, 31, 32, 37, 38, 39, 40, 41, 42, 48, 51, 4, 53, 53, 53, 53, 53, 53, 53, 53, 53, 53, 53, 53, 53, 53, 53, 53, 53, 53, 53, 53, 53, 53, 53]
mbedstatem54 = [1, 47, 29, 30, 31, 32, 41, 42, 48, 51, 4, 53, 53, 53, 53, 53, 53, 53, 53, 53, 53, 53, 53, 53, 53, 53, 53, 53, 53, 53, 53, 53, 53, 53, 53, 53, 53, 53, 53, 53]
RFCstatem54 = [1, 47, 29, 30, 31, 32, 41, 42, 48, 51, 4, 53, 53, 53, 53, 53, 53, 53, 53, 53, 53, 53, 53, 53, 53, 53, 53, 53, 53, 53, 53, 53, 53, 53, 53, 53, 53, 53, 53, 53]
mbedstatem55 = [1, 47, 29, 30, 33, 34, 31, 32, 41, 42, 48, 51, 4, 53, 53, 53, 53, 53, 53, 53, 53, 53, 53, 53, 53, 53, 53, 53, 53, 53, 53, 53, 53, 53, 53, 53, 53, 53, 53, 53]
RFCstatem55 = [1, 47, 29, 30, 33, 34, 31, 32, 41, 42, 48, 51, 4, 53, 53, 53, 53, 53, 53, 53, 53, 53, 53, 53, 53, 53, 53, 53, 53, 53, 53, 53, 53, 53, 53, 53, 53, 53, 53, 53]
mbedstatem60 = [1, 47, 29, 30, 31, 32, 35, 36, 37, 38, 39, 40, 41, 42, 48, 49, 51, 4, 53, 53, 53, 53, 53, 53, 53, 53, 53, 53, 53, 53, 53, 53, 53, 53, 53, 53, 53, 53, 53, 53]
RFCstatem60 = [1, 47, 29, 30, 31, 32, 35, 36, 37, 38, 39, 40, 41, 42, 48, 49, 51, 4, 53, 53, 53, 53, 53, 53, 53, 53, 53, 53, 53, 53, 53, 53, 53, 53, 53, 53, 53, 53, 53, 53]
mbedstatem61 = [1, 47, 29, 30, 33, 34, 31, 32, 35, 36, 37, 38, 39, 40, 41, 42, 48, 49, 51, 4, 53, 53, 53, 53, 53, 53, 53, 53, 53, 53, 53, 53, 53, 53, 53, 53, 53, 53, 53, 53]
RFCstatem61 = [1, 47, 29, 30, 33, 34, 31, 32, 35, 36, 37, 38, 39, 40, 41, 42, 48, 49, 51, 4, 53, 53, 53, 53, 53, 53, 53, 53, 53, 53, 53, 53, 53, 53, 53, 53, 53, 53, 53, 53]
mbedstatem62 = [1, 47, 29, 30, 31, 32, 41, 42, 48, 51, 4, 53, 53, 53, 53, 53, 53, 53, 53, 53, 53, 53, 53, 53, 53, 53, 53, 53, 53, 53, 53, 53, 53, 53, 53, 53, 53, 53, 53, 53]
RFCstatem62 = [1, 47, 29, 30, 31, 32, 41, 42, 48, 51, 4, 53, 53, 53, 53, 53, 53, 53, 53, 53, 53, 53, 53, 53, 53, 53, 53, 53, 53, 53, 53, 53, 53, 53, 53, 53, 53, 53, 53, 53]
mbedstatem63 = [1, 47, 29, 30, 33, 34, 31, 32, 41, 42, 48, 51, 4, 53, 53, 53, 53, 53, 53, 53, 53, 53, 53, 53, 53, 53, 53, 53, 53, 53, 53, 53, 53, 53, 53, 53, 53, 53, 53, 53]
RFCstatem63 = [1, 47, 29, 30, 33, 34, 31, 32, 41, 42, 48, 51, 4, 53, 53, 53, 53, 53, 53, 53, 53, 53, 53, 53, 53, 53, 53, 53, 53, 53, 53, 53, 53, 53, 53, 53, 53, 53, 53, 53]
mbedstatem64 = [1, 47, 29, 30, 31, 32, 37, 38, 39, 40, 41, 42, 51, 45, 46, 4, 53, 53, 53, 53, 53, 53, 53, 53, 53, 53, 53, 53, 53, 53, 53, 53, 53, 53, 53, 53, 53, 53, 53, 53]
RFCstatem64 = [1, 47, 29, 30, 31, 32, 37, 38, 39, 40, 41, 42, 51, 45, 46, 4, 53, 53, 53, 53, 53, 53, 53, 53, 53, 53, 53, 53, 53, 53, 53, 53, 53, 53, 53, 53, 53, 53, 53, 53]
mbedstatem65 = [1, 47, 29, 30, 33, 34, 31, 32, 37, 38, 39, 40, 41, 42, 51, 45, 46, 4, 53, 53, 53, 53, 53, 53, 53, 53, 53, 53, 53, 53, 53, 53, 53, 53, 53, 53, 53, 53, 53, 53]
RFCstatem65 = [1, 47, 29, 30, 33, 34, 31, 32, 37, 38, 39, 40, 41, 42, 51, 45, 46, 4, 53, 53, 53, 53, 53, 53, 53, 53, 53, 53, 53, 53, 53, 53, 53, 53, 53, 53, 53, 53, 53, 53]
mbedstatem66 = [1, 47, 29, 30, 31, 32, 41, 42, 51, 45, 46, 4, 53, 53, 53, 53, 53, 53, 53, 53, 53, 53, 53, 53, 53, 53, 53, 53, 53, 53, 53, 53, 53, 53, 53, 53, 53, 53, 53, 53]
RFCstatem66 = [1, 47, 29, 30, 31, 32, 41, 42, 51, 45, 46, 4, 53, 53, 53, 53, 53, 53, 53, 53, 53, 53, 53, 53, 53, 53, 53, 53, 53, 53, 53, 53, 53, 53, 53, 53, 53, 53, 53, 53]
mbedstatem67 = [1, 47, 29, 30, 33, 34, 31, 32, 41, 42, 51, 45, 46, 4, 53, 53, 53, 53, 53, 53, 53, 53, 53, 53, 53, 53, 53, 53, 53, 53, 53, 53, 53, 53, 53, 53, 53, 53, 53, 53]
RFCstatem67 = [1, 47, 29, 30, 33, 34, 31, 32, 41, 42, 51, 45, 46, 4, 53, 53, 53, 53, 53, 53, 53, 53, 53, 53, 53, 53, 53, 53, 53, 53, 53, 53, 53, 53, 53, 53, 53, 53, 53, 53]
mbedstatem68 = [1, 47, 29, 30, 31, 32, 37, 38, 39, 40, 41, 42, 51, 45, 46, 4, 53, 53, 53, 53, 53, 53, 53, 53, 53, 53, 53, 53, 53, 53, 53, 53, 53, 53, 53, 53, 53, 53, 53, 53]
RFCstatem68 = [1, 47, 29, 30, 31, 32, 37, 38, 39, 40, 41, 42, 51, 45, 46, 4, 53, 53, 53, 53, 53, 53, 53, 53, 53, 53, 53, 53, 53, 53, 53, 53, 53, 53, 53, 53, 53, 53, 53, 53]
mbedstatem69 = [1, 47, 29, 30, 33, 34, 31, 32, 37, 38, 39, 40, 41, 42, 51, 45, 46, 4, 53, 53, 53, 53, 53, 53, 53, 53, 53, 53, 53, 53, 53, 53, 53, 53, 53, 53, 53, 53, 53, 53]
RFCstatem69 = [1, 47, 29, 30, 33, 34, 31, 32, 37, 38, 39, 40, 41, 42, 51, 45, 46, 4, 53, 53, 53, 53, 53, 53, 53, 53, 53, 53, 53, 53, 53, 53, 53, 53, 53, 53, 53, 53, 53, 53]
mbedstatem70 = [1, 47, 29, 30, 31, 32, 41, 42, 51, 45, 46, 4, 53, 53, 53, 53, 53, 53, 53, 53, 53, 53, 53, 53, 53, 53, 53, 53, 53, 53, 53, 53, 53, 53, 53, 53, 53, 53, 53, 53]
RFCstatem70 = [1, 47, 29, 30, 31, 32, 41, 42, 51, 45, 46, 4, 53, 53, 53, 53, 53, 53, 53, 53, 53, 53, 53, 53, 53, 53, 53, 53, 53, 53, 53, 53, 53, 53, 53, 53, 53, 53, 53, 53]
mbedstatem71 = [1, 47, 29, 30, 33, 34, 31, 32, 41, 42, 51, 45, 46, 4, 53, 53, 53, 53, 53, 53, 53, 53, 53, 53, 53, 53, 53, 53, 53, 53, 53, 53, 53, 53, 53, 53, 53, 53, 53, 53]
RFCstatem71 = [1, 47, 29, 30, 33, 34, 31, 32, 41, 42, 51, 45, 46, 4, 53, 53, 53, 53, 53, 53, 53, 53, 53, 53, 53, 53, 53, 53, 53, 53, 53, 53, 53, 53, 53, 53, 53, 53, 53, 53]
mbedstatem72 = [1, 47, 29, 30, 31, 32, 35, 36, 37, 38, 39, 40, 41, 42, 49, 50, 51, 45, 46, 4, 53, 53, 53, 53, 53, 53, 53, 53, 53, 53, 53, 53, 53, 53, 53, 53, 53, 53, 53, 53]
RFCstatem72 = [1, 47, 29, 30, 31, 32, 35, 36, 37, 38, 39, 40, 41, 42, 49, 50, 51, 45, 46, 4, 53, 53, 53, 53, 53, 53, 53, 53, 53, 53, 53, 53, 53, 53, 53, 53, 53, 53, 53, 53]
mbedstatem73 = [1, 47, 29, 30, 33, 34, 31, 32, 35, 36, 37, 38, 39, 40, 41, 42, 49, 50, 51, 45, 46, 4, 53, 53, 53, 53, 53, 53, 53, 53, 53, 53, 53, 53, 53, 53, 53, 53, 53, 53]
RFCstatem73 = [1, 47, 29, 30, 33, 34, 31, 32, 35, 36, 37, 38, 39, 40, 41, 42, 49, 50, 51, 45, 46, 4, 53, 53, 53, 53, 53, 53, 53, 53, 53, 53, 53, 53, 53, 53, 53, 53, 53, 53]
mbedstatem74 = [1, 47, 29, 30, 31, 32, 41, 42, 49, 50, 51, 45, 46, 4, 53, 53, 53, 53, 53, 53, 53, 53, 53, 53, 53, 53, 53, 53, 53, 53, 53, 53, 53, 53, 53, 53, 53, 53, 53, 53]
RFCstatem74 = [1, 47, 29, 30, 31, 32, 41, 42, 49, 50, 51, 45, 46, 4, 53, 53, 53, 53, 53, 53, 53, 53, 53, 53, 53, 53, 53, 53, 53, 53, 53, 53, 53, 53, 53, 53, 53, 53, 53, 53]
mbedstatem75 = [1, 47, 29, 30, 33, 34, 31, 32, 41, 42, 49, 50, 51, 45, 46, 4, 53, 53, 53, 53, 53, 53, 53, 53, 53, 53, 53, 53, 53, 53, 53, 53, 53, 53, 53, 53, 53, 53, 53, 53]
RFCstatem75 = [1, 47, 29, 30, 33, 34, 31, 32, 41, 42, 49, 50, 51, 45, 46, 4, 53, 53, 53, 53, 53, 53, 53, 53, 53, 53, 53, 53, 53, 53, 53, 53, 53, 53, 53, 53, 53, 53, 53, 53]
mbedstatem76 = [1, 47, 29, 30, 31, 32, 35, 36, 37, 38, 39, 40, 41, 42, 49, 50, 51, 45, 46, 4, 53, 53, 53, 53, 53, 53, 53, 53, 53, 53, 53, 53, 53, 53, 53, 53, 53, 53, 53, 53]
RFCstatem76 = [1, 47, 29, 30, 31, 32, 35, 36, 37, 38, 39, 40, 41, 42, 49, 50, 51, 45, 46, 4, 53, 53, 53, 53, 53, 53, 53, 53, 53, 53, 53, 53, 53, 53, 53, 53, 53, 53, 53, 53]
mbedstatem77 = [1, 47, 29, 30, 33, 34, 31, 32, 35, 36, 37, 38, 39, 40, 41, 42, 49, 50, 51, 45, 46, 4, 53, 53, 53, 53, 53, 53, 53, 53, 53, 53, 53, 53, 53, 53, 53, 53, 53, 53]
RFCstatem77 = [1, 47, 29, 30, 33, 34, 31, 32, 35, 36, 37, 38, 39, 40, 41, 42, 49, 50, 51, 45, 46, 4, 53, 53, 53, 53, 53, 53, 53, 53, 53, 53, 53, 53, 53, 53, 53, 53, 53, 53]
mbedstatem78 = [1, 47, 29, 30, 31, 32, 41, 42, 49, 50, 51, 45, 46, 4, 53, 53, 53, 53, 53, 53, 53, 53, 53, 53, 53, 53, 53, 53, 53, 53, 53, 53, 53, 53, 53, 53, 53, 53, 53, 53]
RFCstatem78 = [1, 47, 29, 30, 31, 32, 41, 42, 49, 50, 51, 45, 46, 4, 53, 53, 53, 53, 53, 53, 53, 53, 53, 53, 53, 53, 53, 53, 53, 53, 53, 53, 53, 53, 53, 53, 53, 53, 53, 53]
mbedstatem79 = [1, 47, 29, 30, 33, 34, 31, 32, 41, 42, 49, 50, 51, 45, 46, 4, 53, 53, 53, 53, 53, 53, 53, 53, 53, 53, 53, 53, 53, 53, 53, 53, 53, 53, 53, 53, 53, 53, 53, 53]
RFCstatem79 = [1, 47, 29, 30, 33, 34, 31, 32, 41, 42, 49, 50, 51, 45, 46, 4, 53, 53, 53, 53, 53, 53, 53, 53, 53, 53, 53, 53, 53, 53, 53, 53, 53, 53, 53, 53, 53, 53, 53, 53]
mbedstatem80 = [1, 47, 29, 30, 31, 32, 37, 38, 39, 40, 41, 42, 51, 45, 46, 4, 53, 53, 53, 53, 53, 53, 53, 53, 53, 53, 53, 53, 53, 53, 53, 53, 53, 53, 53, 53, 53, 53, 53, 53]
RFCstatem80 = [1, 47, 29, 30, 31, 32, 37, 38, 39, 40, 41, 42, 51, 45, 46, 4, 53, 53, 53, 53, 53, 53, 53, 53, 53, 53, 53, 53, 53, 53, 53, 53, 53, 53, 53, 53, 53, 53, 53, 53]
mbedstatem81 = [1, 47, 29, 30, 33, 34, 31, 32, 37, 38, 39, 40, 41, 42, 51, 45, 46, 4, 53, 53, 53, 53, 53, 53, 53, 53, 53, 53, 53, 53, 53, 53, 53, 53, 53, 53, 53, 53, 53, 53]
RFCstatem81 = [1, 47, 29, 30, 33, 34, 31, 32, 37, 38, 39, 40, 41, 42, 51, 45, 46, 4, 53, 53, 53, 53, 53, 53, 53, 53, 53, 53, 53, 53, 53, 53, 53, 53, 53, 53, 53, 53, 53, 53]
mbedstatem82 = [1, 47, 29, 30, 31, 32, 41, 42, 51, 45, 46, 4, 53, 53, 53, 53, 53, 53, 53, 53, 53, 53, 53, 53, 53, 53, 53, 53, 53, 53, 53, 53, 53, 53, 53, 53, 53, 53, 53, 53]
RFCstatem82 = [1, 47, 29, 30, 31, 32, 41, 42, 51, 45, 46, 4, 53, 53, 53, 53, 53, 53, 53, 53, 53, 53, 53, 53, 53, 53, 53, 53, 53, 53, 53, 53, 53, 53, 53, 53, 53, 53, 53, 53]
mbedstatem83 = [1, 47, 29, 30, 33, 34, 31, 32, 41, 42, 51, 45, 46, 4, 53, 53, 53, 53, 53, 53, 53, 53, 53, 53, 53, 53, 53, 53, 53, 53, 53, 53, 53, 53, 53, 53, 53, 53, 53, 53]
RFCstatem83 = [1, 47, 29, 30, 33, 34, 31, 32, 41, 42, 51, 45, 46, 4, 53, 53, 53, 53, 53, 53, 53, 53, 53, 53, 53, 53, 53, 53, 53, 53, 53, 53, 53, 53, 53, 53, 53, 53, 53, 53]
mbedstatem84 = [1, 47, 29, 30, 31, 32, 37, 38, 39, 40, 41, 42, 51, 45, 46, 4, 53, 53, 53, 53, 53, 53, 53, 53, 53, 53, 53, 53, 53, 53, 53, 53, 53, 53, 53, 53, 53, 53, 53, 53]
RFCstatem84 = [1, 47, 29, 30, 31, 32, 37, 38, 39, 40, 41, 42, 51, 45, 46, 4, 53, 53, 53, 53, 53, 53, 53, 53, 53, 53, 53, 53, 53, 53, 53, 53, 53, 53, 53, 53, 53, 53, 53, 53]
mbedstatem85 = [1, 47, 29, 30, 33, 34, 31, 32, 37, 38, 39, 40, 41, 42, 51, 45, 46, 4, 53, 53, 53, 53, 53, 53, 53, 53, 53, 53, 53, 53, 53, 53, 53, 53, 53, 53, 53, 53, 53, 53]
RFCstatem85 = [1, 47, 29, 30, 33, 34, 31, 32, 37, 38, 39, 40, 41, 42, 51, 45, 46, 4, 53, 53, 53, 53, 53, 53, 53, 53, 53, 53, 53, 53, 53, 53, 53, 53, 53, 53, 53, 53, 53, 53]
mbedstatem86 = [1, 47, 29, 30, 31, 32, 41, 42, 51, 45, 46, 4, 53, 53, 53, 53, 53, 53, 53, 53, 53, 53, 53, 53, 53, 53, 53, 53, 53, 53, 53, 53, 53, 53, 53, 53, 53, 53, 53, 53]
RFCstatem86 = [1, 47, 29, 30, 31, 32, 41, 42, 51, 45, 46, 4, 53, 53, 53, 53, 53, 53, 53, 53, 53, 53, 53, 53, 53, 53, 53, 53, 53, 53, 53, 53, 53, 53, 53, 53, 53, 53, 53, 53]
mbedstatem87 = [1, 47, 29, 30, 33, 34, 31, 32, 41, 42, 51, 45, 46, 4, 53, 53, 53, 53, 53, 53, 53, 53, 53, 53, 53, 53, 53, 53, 53, 53, 53, 53, 53, 53, 53, 53, 53, 53, 53, 53]
RFCstatem87 = [1, 47, 29, 30, 33, 34, 31, 32, 41, 42, 51, 45, 46, 4, 53, 53, 53, 53, 53, 53, 53, 53, 53, 53, 53, 53, 53, 53, 53, 53, 53, 53, 53, 53, 53, 53, 53, 53, 53, 53]
mbedstatem88 = [1, 47, 29, 30, 31, 32, 35, 36, 37, 38, 39, 40, 41, 42, 49, 51, 45, 46, 4, 53, 53, 53, 53, 53, 53, 53, 53, 53, 53, 53, 53, 53, 53, 53, 53, 53, 53, 53, 53, 53]
RFCstatem88 = [1, 47, 29, 30, 31, 32, 35, 36, 37, 38, 39, 40, 41, 42, 49, 51, 45, 46, 4, 53, 53, 53, 53, 53, 53, 53, 53, 53, 53, 53, 53, 53, 53, 53, 53, 53, 53, 53, 53, 53]
mbedstatem89 = [1, 47, 29, 30, 33, 34, 31, 32, 35, 36, 37, 38, 39, 40, 41, 42, 49, 51, 45, 46, 4, 53, 53, 53, 53, 53, 53, 53, 53, 53, 53, 53, 53, 53, 53, 53, 53, 53, 53, 53]
RFCstatem89 = [1, 47, 29, 30, 33, 34, 31, 32, 35, 36, 37, 38, 39, 40, 41, 42, 49, 51, 45, 46, 4, 53, 53, 53, 53, 53, 53, 53, 53, 53, 53, 53, 53, 53, 53, 53, 53, 53, 53, 53]
mbedstatem90 = [1, 47, 29, 30, 31, 32, 41, 42, 49, 51, 45, 46, 4, 53, 53, 53, 53, 53, 53, 53, 53, 53, 53, 53, 53, 53, 53, 53, 53, 53, 53, 53, 53, 53, 53, 53, 53, 53, 53, 53]
RFCstatem90 = [1, 47, 29, 30, 31, 32, 41, 42, 49, 51, 45, 46, 4, 53, 53, 53, 53, 53, 53, 53, 53, 53, 53, 53, 53, 53, 53, 53, 53, 53, 53, 53, 53, 53, 53, 53, 53, 53, 53, 53]
mbedstatem91 = [1, 47, 29, 30, 33, 34, 31, 32, 41, 42, 49, 51, 45, 46, 4, 53, 53, 53, 53, 53, 53, 53, 53, 53, 53, 53, 53, 53, 53, 53, 53, 53, 53, 53, 53, 53, 53, 53, 53, 53]
RFCstatem91 = [1, 47, 29, 30, 33, 34, 31, 32, 41, 42, 49, 51, 45, 46, 4, 53, 53, 53, 53, 53, 53, 53, 53, 53, 53, 53, 53, 53, 53, 53, 53, 53, 53, 53, 53, 53, 53, 53, 53, 53]
mbedstatem92 = [1, 47, 29, 30, 31, 32, 35, 36, 37, 38, 39, 40, 41, 42, 49, 51, 45, 46, 4, 53, 53, 53, 53, 53, 53, 53, 53, 53, 53, 53, 53, 53, 53, 53, 53, 53, 53, 53, 53, 53]
RFCstatem92 = [1, 47, 29, 30, 31, 32, 35, 36, 37, 38, 39, 40, 41, 42, 49, 51, 45, 46, 4, 53, 53, 53, 53, 53, 53, 53, 53, 53, 53, 53, 53, 53, 53, 53, 53, 53, 53, 53, 53, 53]
mbedstatem93 = [1, 47, 29, 30, 33, 34, 31, 32, 35, 36, 37, 38, 39, 40, 41, 42, 49, 51, 45, 46, 4, 53, 53, 53, 53, 53, 53, 53, 53, 53, 53, 53, 53, 53, 53, 53, 53, 53, 53, 53]
RFCstatem93 = [1, 47, 29, 30, 33, 34, 31, 32, 35, 36, 37, 38, 39, 40, 41, 42, 49, 51, 45, 46, 4, 53, 53, 53, 53, 53, 53, 53, 53, 53, 53, 53, 53, 53, 53, 53, 53, 53, 53, 53]
mbedstatem94 = [1, 47, 29, 30, 31, 32, 41, 42, 49, 51, 45, 46, 4, 53, 53, 53, 53, 53, 53, 53, 53, 53, 53, 53, 53, 53, 53, 53, 53, 53, 53, 53, 53, 53, 53, 53, 53, 53, 53, 53]
RFCstatem94 = [1, 47, 29, 30, 31, 32, 41, 42, 49, 51, 45, 46, 4, 53, 53, 53, 53, 53, 53, 53, 53, 53, 53, 53, 53, 53, 53, 53, 53, 53, 53, 53, 53, 53, 53, 53, 53, 53, 53, 53]
mbedstatem95 = [1, 47, 29, 30, 33, 34, 31, 32, 41, 42, 49, 51, 45, 46, 4, 53, 53, 53, 53, 53, 53, 53, 53, 53, 53, 53, 53, 53, 53, 53, 53, 53, 53, 53, 53, 53, 53, 53, 53, 53]
RFCstatem95 = [1, 47, 29, 30, 33, 34, 31, 32, 41, 42, 49, 51, 45, 46, 4, 53, 53, 53, 53, 53, 53, 53, 53, 53, 53, 53, 53, 53, 53, 53, 53, 53, 53, 53, 53, 53, 53, 53, 53, 53]
mbedstatem100 = [1, 47, 29, 30, 31, 32, 37, 38, 39, 40, 41, 42, 48, 51, 45, 46, 4, 53, 53, 53, 53, 53, 53, 53, 53, 53, 53, 53, 53, 53, 53, 53, 53, 53, 53, 53, 53, 53, 53, 53]
RFCstatem100 = [1, 47, 29, 30, 31, 32, 37, 38, 39, 40, 41, 42, 48, 51, 45, 46, 4, 53, 53, 53, 53, 53, 53, 53, 53, 53, 53, 53, 53, 53, 53, 53, 53, 53, 53, 53, 53, 53, 53, 53]
mbedstatem101 = [1, 47, 29, 30, 33, 34, 31, 32, 37, 38, 39, 40, 41, 42, 48, 51, 45, 46, 4, 53, 53, 53, 53, 53, 53, 53, 53, 53, 53, 53, 53, 53, 53, 53, 53, 53, 53, 53, 53, 53]
RFCstatem101 = [1, 47, 29, 30, 33, 34, 31, 32, 37, 38, 39, 40, 41, 42, 48, 51, 45, 46, 4, 53, 53, 53, 53, 53, 53, 53, 53, 53, 53, 53, 53, 53, 53, 53, 53, 53, 53, 53, 53, 53]
mbedstatem102 = [1, 47, 29, 30, 31, 32, 41, 42, 48, 51, 45, 46, 4, 53, 53, 53, 53, 53, 53, 53, 53, 53, 53, 53, 53, 53, 53, 53, 53, 53, 53, 53, 53, 53, 53, 53, 53, 53, 53, 53]
RFCstatem102 = [1, 47, 29, 30, 31, 32, 41, 42, 48, 51, 45, 46, 4, 53, 53, 53, 53, 53, 53, 53, 53, 53, 53, 53, 53, 53, 53, 53, 53, 53, 53, 53, 53, 53, 53, 53, 53, 53, 53, 53]
mbedstatem103 = [1, 47, 29, 30, 33, 34, 31, 32, 41, 42, 48, 51, 45, 46, 4, 53, 53, 53, 53, 53, 53, 53, 53, 53, 53, 53, 53, 53, 53, 53, 53, 53, 53, 53, 53, 53, 53, 53, 53, 53]
RFCstatem103 = [1, 47, 29, 30, 33, 34, 31, 32, 41, 42, 48, 51, 45, 46, 4, 53, 53, 53, 53, 53, 53, 53, 53, 53, 53, 53, 53, 53, 53, 53, 53, 53, 53, 53, 53, 53, 53, 53, 53, 53]
mbedstatem108 = [1, 47, 29, 30, 31, 32, 35, 36, 37, 38, 39, 40, 41, 42, 48, 49, 50, 51, 45, 46, 4, 53, 53, 53, 53, 53, 53, 53, 53, 53, 53, 53, 53, 53, 53, 53, 53, 53, 53, 53]
RFCstatem108 = [1, 47, 29, 30, 31, 32, 35, 36, 37, 38, 39, 40, 41, 42, 48, 49, 50, 51, 45, 46, 4, 53, 53, 53, 53, 53, 53, 53, 53, 53, 53, 53, 53, 53, 53, 53, 53, 53, 53, 53]
mbedstatem109 = [1, 47, 29, 30, 33, 34, 31, 32, 35, 36, 37, 38, 39, 40, 41, 42, 48, 49, 50, 51, 45, 46, 4, 53, 53, 53, 53, 53, 53, 53, 53, 53, 53, 53, 53, 53, 53, 53, 53, 53]
RFCstatem109 = [1, 47, 29, 30, 33, 34, 31, 32, 35, 36, 37, 38, 39, 40, 41, 42, 48, 49, 50, 51, 45, 46, 4, 53, 53, 53, 53, 53, 53, 53, 53, 53, 53, 53, 53, 53, 53, 53, 53, 53]
mbedstatem110 = [1, 47, 29, 30, 31, 32, 41, 42, 48, 51, 45, 46, 4, 53, 53, 53, 53, 53, 53, 53, 53, 53, 53, 53, 53, 53, 53, 53, 53, 53, 53, 53, 53, 53, 53, 53, 53, 53, 53, 53]
RFCstatem110 = [1, 47, 29, 30, 31, 32, 41, 42, 48, 51, 45, 46, 4, 53, 53, 53, 53, 53, 53, 53, 53, 53, 53, 53, 53, 53, 53, 53, 53, 53, 53, 53, 53, 53, 53, 53, 53, 53, 53, 53]
mbedstatem111 = [1, 47, 29, 30, 33, 34, 31, 32, 41, 42, 48, 51, 45, 46, 4, 53, 53, 53, 53, 53, 53, 53, 53, 53, 53, 53, 53, 53, 53, 53, 53, 53, 53, 53, 53, 53, 53, 53, 53, 53]
RFCstatem111 = [1, 47, 29, 30, 33, 34, 31, 32, 41, 42, 48, 51, 45, 46, 4, 53, 53, 53, 53, 53, 53, 53, 53, 53, 53, 53, 53, 53, 53, 53, 53, 53, 53, 53, 53, 53, 53, 53, 53, 53]
mbedstatem116 = [1, 47, 29, 30, 31, 32, 37, 38, 39, 40, 41, 42, 48, 51, 45, 46, 4, 53, 53, 53, 53, 53, 53, 53, 53, 53, 53, 53, 53, 53, 53, 53, 53, 53, 53, 53, 53, 53, 53, 53]
RFCstatem116 = [1, 47, 29, 30, 31, 32, 37, 38, 39, 40, 41, 42, 48, 51, 45, 46, 4, 53, 53, 53, 53, 53, 53, 53, 53, 53, 53, 53, 53, 53, 53, 53, 53, 53, 53, 53, 53, 53, 53, 53]
mbedstatem117 = [1, 47, 29, 30, 33, 34, 31, 32, 37, 38, 39, 40, 41, 42, 48, 51, 45, 46, 4, 53, 53, 53, 53, 53, 53, 53, 53, 53, 53, 53, 53, 53, 53, 53, 53, 53, 53, 53, 53, 53]
RFCstatem117 = [1, 47, 29, 30, 33, 34, 31, 32, 37, 38, 39, 40, 41, 42, 48, 51, 45, 46, 4, 53, 53, 53, 53, 53, 53, 53, 53, 53, 53, 53, 53, 53, 53, 53, 53, 53, 53, 53, 53, 53]
mbedstatem118 = [1, 47, 29, 30, 31, 32, 41, 42, 48, 51, 45, 46, 4, 53, 53, 53, 53, 53, 53, 53, 53, 53, 53, 53, 53, 53, 53, 53, 53, 53, 53, 53, 53, 53, 53, 53, 53, 53, 53, 53]
RFCstatem118 = [1, 47, 29, 30, 31, 32, 41, 42, 48, 51, 45, 46, 4, 53, 53, 53, 53, 53, 53, 53, 53, 53, 53, 53, 53, 53, 53, 53, 53, 53, 53, 53, 53, 53, 53, 53, 53, 53, 53, 53]
mbedstatem119 = [1, 47, 29, 30, 33, 34, 31, 32, 41, 42, 48, 51, 45, 46, 4, 53, 53, 53, 53, 53, 53, 53, 53, 53, 53, 53, 53, 53, 53, 53, 53, 53, 53, 53, 53, 53, 53, 53, 53, 53]
RFCstatem119 = [1, 47, 29, 30, 33, 34, 31, 32, 41, 42, 48, 51, 45, 46, 4, 53, 53, 53, 53, 53, 53, 53, 53, 53, 53, 53, 53, 53, 53, 53, 53, 53, 53, 53, 53, 53, 53, 53, 53, 53]
mbedstatem124 = [1, 47, 29, 30, 31, 32, 35, 36, 37, 38, 39, 40, 41, 42, 48, 49, 51, 45, 46, 4, 53, 53, 53, 53, 53, 53, 53, 53, 53, 53, 53, 53, 53, 53, 53, 53, 53, 53, 53, 53]
RFCstatem124 = [1, 47, 29, 30, 31, 32, 35, 36, 37, 38, 39, 40, 41, 42, 48, 49, 51, 45, 46, 4, 53, 53, 53, 53, 53, 53, 53, 53, 53, 53, 53, 53, 53, 53, 53, 53, 53, 53, 53, 53]
mbedstatem125 = [1, 47, 29, 30, 33, 34, 31, 32, 35, 36, 37, 38, 39, 40, 41, 42, 48, 49, 51, 45, 46, 4, 53, 53, 53, 53, 53, 53, 53, 53, 53, 53, 53, 53, 53, 53, 53, 53, 53, 53]
RFCstatem125 = [1, 47, 29, 30, 33, 34, 31, 32, 35, 36, 37, 38, 39, 40, 41, 42, 48, 49, 51, 45, 46, 4, 53, 53, 53, 53, 53, 53, 53, 53, 53, 53, 53, 53, 53, 53, 53, 53, 53, 53]
mbedstatem126 = [1, 47, 29, 30, 31, 32, 41, 42, 48, 51, 45, 46, 4, 53, 53, 53, 53, 53, 53, 53, 53, 53, 53, 53, 53, 53, 53, 53, 53, 53, 53, 53, 53, 53, 53, 53, 53, 53, 53, 53]
RFCstatem126 = [1, 47, 29, 30, 31, 32, 41, 42, 48, 51, 45, 46, 4, 53, 53, 53, 53, 53, 53, 53, 53, 53, 53, 53, 53, 53, 53, 53, 53, 53, 53, 53, 53, 53, 53, 53, 53, 53, 53, 53]
mbedstatem127 = [1, 47, 29, 30, 33, 34, 31, 32, 41, 42, 48, 51, 45, 46, 4, 53, 53, 53, 53, 53, 53, 53, 53, 53, 53, 53, 53, 53, 53, 53, 53, 53, 53, 53, 53, 53, 53, 53, 53, 53]
RFCstatem127 = [1, 47, 29, 30, 33, 34, 31, 32, 41, 42, 48, 51, 45, 46, 4, 53, 53, 53, 53, 53, 53, 53, 53, 53, 53, 53, 53, 53, 53, 53, 53, 53, 53, 53, 53, 53, 53, 53, 53, 53]
mbedstatem128 = [1, 47, 29, 30, 47, 29, 30, 31, 32, 37, 38, 39, 40, 41, 42, 51, 4, 53, 53, 53, 53, 53, 53, 53, 53, 53, 53, 53, 53, 53, 53, 53, 53, 53, 53, 53, 53, 53, 53, 53]
RFCstatem128 = [1, 47, 29, 30, 47, 29, 30, 31, 32, 37, 38, 39, 40, 41, 42, 51, 4, 53, 53, 53, 53, 53, 53, 53, 53, 53, 53, 53, 53, 53, 53, 53, 53, 53, 53, 53, 53, 53, 53, 53]
mbedstatem129 = [1, 47, 29, 30, 33, 34, 47, 29, 30, 31, 32, 37, 38, 39, 40, 41, 42, 51, 4, 53, 53, 53, 53, 53, 53, 53, 53, 53, 53, 53, 53, 53, 53, 53, 53, 53, 53, 53, 53, 53]
RFCstatem129 = [1, 47, 29, 30, 33, 34, 47, 29, 30, 31, 32, 37, 38, 39, 40, 41, 42, 51, 4, 53, 53, 53, 53, 53, 53, 53, 53, 53, 53, 53, 53, 53, 53, 53, 53, 53, 53, 53, 53, 53]
mbedstatem130 = [1, 47, 29, 30, 47, 29, 30, 31, 32, 41, 42, 51, 4, 53, 53, 53, 53, 53, 53, 53, 53, 53, 53, 53, 53, 53, 53, 53, 53, 53, 53, 53, 53, 53, 53, 53, 53, 53, 53, 53]
RFCstatem130 = [1, 47, 29, 30, 47, 29, 30, 31, 32, 41, 42, 51, 4, 53, 53, 53, 53, 53, 53, 53, 53, 53, 53, 53, 53, 53, 53, 53, 53, 53, 53, 53, 53, 53, 53, 53, 53, 53, 53, 53]
mbedstatem131 = [1, 47, 29, 30, 33, 34, 47, 29, 30, 31, 32, 41, 42, 51, 4, 53, 53, 53, 53, 53, 53, 53, 53, 53, 53, 53, 53, 53, 53, 53, 53, 53, 53, 53, 53, 53, 53, 53, 53, 53]
RFCstatem131 = [1, 47, 29, 30, 33, 34, 47, 29, 30, 31, 32, 41, 42, 51, 4, 53, 53, 53, 53, 53, 53, 53, 53, 53, 53, 53, 53, 53, 53, 53, 53, 53, 53, 53, 53, 53, 53, 53, 53, 53]
mbedstatem132 = [1, 47, 29, 30, 47, 29, 30, 31, 32, 37, 38, 39, 40, 41, 42, 51, 4, 53, 53, 53, 53, 53, 53, 53, 53, 53, 53, 53, 53, 53, 53, 53, 53, 53, 53, 53, 53, 53, 53, 53]
RFCstatem132 = [1, 47, 29, 30, 47, 29, 30, 31, 32, 37, 38, 39, 40, 41, 42, 51, 4, 53, 53, 53, 53, 53, 53, 53, 53, 53, 53, 53, 53, 53, 53, 53, 53, 53, 53, 53, 53, 53, 53, 53]
mbedstatem133 = [1, 47, 29, 30, 33, 34, 47, 29, 30, 31, 32, 37, 38, 39, 40, 41, 42, 51, 4, 53, 53, 53, 53, 53, 53, 53, 53, 53, 53, 53, 53, 53, 53, 53, 53, 53, 53, 53, 53, 53]
RFCstatem133 = [1, 47, 29, 30, 33, 34, 47, 29, 30, 31, 32, 37, 38, 39, 40, 41, 42, 51, 4, 53, 53, 53, 53, 53, 53, 53, 53, 53, 53, 53, 53, 53, 53, 53, 53, 53, 53, 53, 53, 53]
mbedstatem134 = [1, 47, 29, 30, 47, 29, 30, 31, 32, 41, 42, 51, 4, 53, 53, 53, 53, 53, 53, 53, 53, 53, 53, 53, 53, 53, 53, 53, 53, 53, 53, 53, 53, 53, 53, 53, 53, 53, 53, 53]
RFCstatem134 = [1, 47, 29, 30, 47, 29, 30, 31, 32, 41, 42, 51, 4, 53, 53, 53, 53, 53, 53, 53, 53, 53, 53, 53, 53, 53, 53, 53, 53, 53, 53, 53, 53, 53, 53, 53, 53, 53, 53, 53]
mbedstatem135 = [1, 47, 29, 30, 33, 34, 47, 29, 30, 31, 32, 41, 42, 51, 4, 53, 53, 53, 53, 53, 53, 53, 53, 53, 53, 53, 53, 53, 53, 53, 53, 53, 53, 53, 53, 53, 53, 53, 53, 53]
RFCstatem135 = [1, 47, 29, 30, 33, 34, 47, 29, 30, 31, 32, 41, 42, 51, 4, 53, 53, 53, 53, 53, 53, 53, 53, 53, 53, 53, 53, 53, 53, 53, 53, 53, 53, 53, 53, 53, 53, 53, 53, 53]
mbedstatem136 = [1, 47, 29, 30, 47, 29, 30, 31, 32, 35, 36, 37, 38, 39, 40, 41, 42, 49, 50, 51, 4, 53, 53, 53, 53, 53, 53, 53, 53, 53, 53, 53, 53, 53, 53, 53, 53, 53, 53, 53]
RFCstatem136 = [1, 47, 29, 30, 47, 29, 30, 31, 32, 35, 36, 37, 38, 39, 40, 41, 42, 49, 50, 51, 4, 53, 53, 53, 53, 53, 53, 53, 53, 53, 53, 53, 53, 53, 53, 53, 53, 53, 53, 53]
mbedstatem137 = [1, 47, 29, 30, 33, 34, 47, 29, 30, 31, 32, 35, 36, 37, 38, 39, 40, 41, 42, 49, 50, 51, 4, 53, 53, 53, 53, 53, 53, 53, 53, 53, 53, 53, 53, 53, 53, 53, 53, 53]
RFCstatem137 = [1, 47, 29, 30, 33, 34, 47, 29, 30, 31, 32, 35, 36, 37, 38, 39, 40, 41, 42, 49, 50, 51, 4, 53, 53, 53, 53, 53, 53, 53, 53, 53, 53, 53, 53, 53, 53, 53, 53, 53]
mbedstatem138 = [1, 47, 29, 30, 47, 29, 30, 31, 32, 41, 42, 49, 50, 51, 4, 53, 53, 53, 53, 53, 53, 53, 53, 53, 53, 53, 53, 53, 53, 53, 53, 53, 53, 53, 53, 53, 53, 53, 53, 53]
RFCstatem138 = [1, 47, 29, 30, 47, 29, 30, 31, 32, 41, 42, 49, 50, 51, 4, 53, 53, 53, 53, 53, 53, 53, 53, 53, 53, 53, 53, 53, 53, 53, 53, 53, 53, 53, 53, 53, 53, 53, 53, 53]
mbedstatem139 = [1, 47, 29, 30, 33, 34, 47, 29, 30, 31, 32, 41, 42, 49, 50, 51, 4, 53, 53, 53, 53, 53, 53, 53, 53, 53, 53, 53, 53, 53, 53, 53, 53, 53, 53, 53, 53, 53, 53, 53]
RFCstatem139 = [1, 47, 29, 30, 33, 34, 47, 29, 30, 31, 32, 41, 42, 49, 50, 51, 4, 53, 53, 53, 53, 53, 53, 53, 53, 53, 53, 53, 53, 53, 53, 53, 53, 53, 53, 53, 53, 53, 53, 53]
mbedstatem140 = [1, 47, 29, 30, 47, 29, 30, 31, 32, 35, 36, 37, 38, 39, 40, 41, 42, 49, 50, 51, 4, 53, 53, 53, 53, 53, 53, 53, 53, 53, 53, 53, 53, 53, 53, 53, 53, 53, 53, 53]
RFCstatem140 = [1, 47, 29, 30, 47, 29, 30, 31, 32, 35, 36, 37, 38, 39, 40, 41, 42, 49, 50, 51, 4, 53, 53, 53, 53, 53, 53, 53, 53, 53, 53, 53, 53, 53, 53, 53, 53, 53, 53, 53]
mbedstatem141 = [1, 47, 29, 30, 33, 34, 47, 29, 30, 31, 32, 35, 36, 37, 38, 39, 40, 41, 42, 49, 50, 51, 4, 53, 53, 53, 53, 53, 53, 53, 53, 53, 53, 53, 53, 53, 53, 53, 53, 53]
RFCstatem141 = [1, 47, 29, 30, 33, 34, 47, 29, 30, 31, 32, 35, 36, 37, 38, 39, 40, 41, 42, 49, 50, 51, 4, 53, 53, 53, 53, 53, 53, 53, 53, 53, 53, 53, 53, 53, 53, 53, 53, 53]
mbedstatem142 = [1, 47, 29, 30, 47, 29, 30, 31, 32, 41, 42, 49, 50, 51, 4, 53, 53, 53, 53, 53, 53, 53, 53, 53, 53, 53, 53, 53, 53, 53, 53, 53, 53, 53, 53, 53, 53, 53, 53, 53]
RFCstatem142 = [1, 47, 29, 30, 47, 29, 30, 31, 32, 41, 42, 49, 50, 51, 4, 53, 53, 53, 53, 53, 53, 53, 53, 53, 53, 53, 53, 53, 53, 53, 53, 53, 53, 53, 53, 53, 53, 53, 53, 53]
mbedstatem143 = [1, 47, 29, 30, 33, 34, 47, 29, 30, 31, 32, 41, 42, 49, 50, 51, 4, 53, 53, 53, 53, 53, 53, 53, 53, 53, 53, 53, 53, 53, 53, 53, 53, 53, 53, 53, 53, 53, 53, 53]
RFCstatem143 = [1, 47, 29, 30, 33, 34, 47, 29, 30, 31, 32, 41, 42, 49, 50, 51, 4, 53, 53, 53, 53, 53, 53, 53, 53, 53, 53, 53, 53, 53, 53, 53, 53, 53, 53, 53, 53, 53, 53, 53]
mbedstatem144 = [1, 47, 29, 30, 47, 29, 30, 31, 32, 37, 38, 39, 40, 41, 42, 51, 4, 53, 53, 53, 53, 53, 53, 53, 53, 53, 53, 53, 53, 53, 53, 53, 53, 53, 53, 53, 53, 53, 53, 53]
RFCstatem144 = [1, 47, 29, 30, 47, 29, 30, 31, 32, 37, 38, 39, 40, 41, 42, 51, 4, 53, 53, 53, 53, 53, 53, 53, 53, 53, 53, 53, 53, 53, 53, 53, 53, 53, 53, 53, 53, 53, 53, 53]
mbedstatem145 = [1, 47, 29, 30, 33, 34, 47, 29, 30, 31, 32, 37, 38, 39, 40, 41, 42, 51, 4, 53, 53, 53, 53, 53, 53, 53, 53, 53, 53, 53, 53, 53, 53, 53, 53, 53, 53, 53, 53, 53]
RFCstatem145 = [1, 47, 29, 30, 33, 34, 47, 29, 30, 31, 32, 37, 38, 39, 40, 41, 42, 51, 4, 53, 53, 53, 53, 53, 53, 53, 53, 53, 53, 53, 53, 53, 53, 53, 53, 53, 53, 53, 53, 53]
mbedstatem146 = [1, 47, 29, 30, 47, 29, 30, 31, 32, 41, 42, 51, 4, 53, 53, 53, 53, 53, 53, 53, 53, 53, 53, 53, 53, 53, 53, 53, 53, 53, 53, 53, 53, 53, 53, 53, 53, 53, 53, 53]
RFCstatem146 = [1, 47, 29, 30, 47, 29, 30, 31, 32, 41, 42, 51, 4, 53, 53, 53, 53, 53, 53, 53, 53, 53, 53, 53, 53, 53, 53, 53, 53, 53, 53, 53, 53, 53, 53, 53, 53, 53, 53, 53]
mbedstatem147 = [1, 47, 29, 30, 33, 34, 47, 29, 30, 31, 32, 41, 42, 51, 4, 53, 53, 53, 53, 53, 53, 53, 53, 53, 53, 53, 53, 53, 53, 53, 53, 53, 53, 53, 53, 53, 53, 53, 53, 53]
RFCstatem147 = [1, 47, 29, 30, 33, 34, 47, 29, 30, 31, 32, 41, 42, 51, 4, 53, 53, 53, 53, 53, 53, 53, 53, 53, 53, 53, 53, 53, 53, 53, 53, 53, 53, 53, 53, 53, 53, 53, 53, 53]
mbedstatem148 = [1, 47, 29, 30, 47, 29, 30, 31, 32, 37, 38, 39, 40, 41, 42, 51, 4, 53, 53, 53, 53, 53, 53, 53, 53, 53, 53, 53, 53, 53, 53, 53, 53, 53, 53, 53, 53, 53, 53, 53]
RFCstatem148 = [1, 47, 29, 30, 47, 29, 30, 31, 32, 37, 38, 39, 40, 41, 42, 51, 4, 53, 53, 53, 53, 53, 53, 53, 53, 53, 53, 53, 53, 53, 53, 53, 53, 53, 53, 53, 53, 53, 53, 53]
mbedstatem149 = [1, 47, 29, 30, 33, 34, 47, 29, 30, 31, 32, 37, 38, 39, 40, 41, 42, 51, 4, 53, 53, 53, 53, 53, 53, 53, 53, 53, 53, 53, 53, 53, 53, 53, 53, 53, 53, 53, 53, 53]
RFCstatem149 = [1, 47, 29, 30, 33, 34, 47, 29, 30, 31, 32, 37, 38, 39, 40, 41, 42, 51, 4, 53, 53, 53, 53, 53, 53, 53, 53, 53, 53, 53, 53, 53, 53, 53, 53, 53, 53, 53, 53, 53]
mbedstatem150 = [1, 47, 29, 30, 47, 29, 30, 31, 32, 41, 42, 51, 4, 53, 53, 53, 53, 53, 53, 53, 53, 53, 53, 53, 53, 53, 53, 53, 53, 53, 53, 53, 53, 53, 53, 53, 53, 53, 53, 53]
RFCstatem150 = [1, 47, 29, 30, 47, 29, 30, 31, 32, 41, 42, 51, 4, 53, 53, 53, 53, 53, 53, 53, 53, 53, 53, 53, 53, 53, 53, 53, 53, 53, 53, 53, 53, 53, 53, 53, 53, 53, 53, 53]
mbedstatem151 = [1, 47, 29, 30, 33, 34, 47, 29, 30, 31, 32, 41, 42, 51, 4, 53, 53, 53, 53, 53, 53, 53, 53, 53, 53, 53, 53, 53, 53, 53, 53, 53, 53, 53, 53, 53, 53, 53, 53, 53]
RFCstatem151 = [1, 47, 29, 30, 33, 34, 47, 29, 30, 31, 32, 41, 42, 51, 4, 53, 53, 53, 53, 53, 53, 53, 53, 53, 53, 53, 53, 53, 53, 53, 53, 53, 53, 53, 53, 53, 53, 53, 53, 53]
mbedstatem152 = [1, 47, 29, 30, 47, 29, 30, 31, 32, 35, 36, 37, 38, 39, 40, 41, 42, 49, 51, 4, 53, 53, 53, 53, 53, 53, 53, 53, 53, 53, 53, 53, 53, 53, 53, 53, 53, 53, 53, 53]
RFCstatem152 = [1, 47, 29, 30, 47, 29, 30, 31, 32, 35, 36, 37, 38, 39, 40, 41, 42, 49, 51, 4, 53, 53, 53, 53, 53, 53, 53, 53, 53, 53, 53, 53, 53, 53, 53, 53, 53, 53, 53, 53]
mbedstatem153 = [1, 47, 29, 30, 33, 34, 47, 29, 30, 31, 32, 35, 36, 37, 38, 39, 40, 41, 42, 49, 51, 4, 53, 53, 53, 53, 53, 53, 53, 53, 53, 53, 53, 53, 53, 53, 53, 53, 53, 53]
RFCstatem153 = [1, 47, 29, 30, 33, 34, 47, 29, 30, 31, 32, 35, 36, 37, 38, 39, 40, 41, 42, 49, 51, 4, 53, 53, 53, 53, 53, 53, 53, 53, 53, 53, 53, 53, 53, 53, 53, 53, 53, 53]
mbedstatem154 = [1, 47, 29, 30, 47, 29, 30, 31, 32, 41, 42, 49, 51, 4, 53, 53, 53, 53, 53, 53, 53, 53, 53, 53, 53, 53, 53, 53, 53, 53, 53, 53, 53, 53, 53, 53, 53, 53, 53, 53]
RFCstatem154 = [1, 47, 29, 30, 47, 29, 30, 31, 32, 41, 42, 49, 51, 4, 53, 53, 53, 53, 53, 53, 53, 53, 53, 53, 53, 53, 53, 53, 53, 53, 53, 53, 53, 53, 53, 53, 53, 53, 53, 53]
mbedstatem155 = [1, 47, 29, 30, 33, 34, 47, 29, 30, 31, 32, 41, 42, 49, 51, 4, 53, 53, 53, 53, 53, 53, 53, 53, 53, 53, 53, 53, 53, 53, 53, 53, 53, 53, 53, 53, 53, 53, 53, 53]
RFCstatem155 = [1, 47, 29, 30, 33, 34, 47, 29, 30, 31, 32, 41, 42, 49, 51, 4, 53, 53, 53, 53, 53, 53, 53, 53, 53, 53, 53, 53, 53, 53, 53, 53, 53, 53, 53, 53, 53, 53, 53, 53]
mbedstatem156 = [1, 47, 29, 30, 47, 29, 30, 31, 32, 35, 36, 37, 38, 39, 40, 41, 42, 49, 51, 4, 53, 53, 53, 53, 53, 53, 53, 53, 53, 53, 53, 53, 53, 53, 53, 53, 53, 53, 53, 53]
RFCstatem156 = [1, 47, 29, 30, 47, 29, 30, 31, 32, 35, 36, 37, 38, 39, 40, 41, 42, 49, 51, 4, 53, 53, 53, 53, 53, 53, 53, 53, 53, 53, 53, 53, 53, 53, 53, 53, 53, 53, 53, 53]
mbedstatem157 = [1, 47, 29, 30, 33, 34, 47, 29, 30, 31, 32, 35, 36, 37, 38, 39, 40, 41, 42, 49, 51, 4, 53, 53, 53, 53, 53, 53, 53, 53, 53, 53, 53, 53, 53, 53, 53, 53, 53, 53]
RFCstatem157 = [1, 47, 29, 30, 33, 34, 47, 29, 30, 31, 32, 35, 36, 37, 38, 39, 40, 41, 42, 49, 51, 4, 53, 53, 53, 53, 53, 53, 53, 53, 53, 53, 53, 53, 53, 53, 53, 53, 53, 53]
mbedstatem158 = [1, 47, 29, 30, 47, 29, 30, 31, 32, 41, 42, 49, 51, 4, 53, 53, 53, 53, 53, 53, 53, 53, 53, 53, 53, 53, 53, 53, 53, 53, 53, 53, 53, 53, 53, 53, 53, 53, 53, 53]
RFCstatem158 = [1, 47, 29, 30, 47, 29, 30, 31, 32, 41, 42, 49, 51, 4, 53, 53, 53, 53, 53, 53, 53, 53, 53, 53, 53, 53, 53, 53, 53, 53, 53, 53, 53, 53, 53, 53, 53, 53, 53, 53]
mbedstatem159 = [1, 47, 29, 30, 33, 34, 47, 29, 30, 31, 32, 41, 42, 49, 51, 4, 53, 53, 53, 53, 53, 53, 53, 53, 53, 53, 53, 53, 53, 53, 53, 53, 53, 53, 53, 53, 53, 53, 53, 53]
RFCstatem159 = [1, 47, 29, 30, 33, 34, 47, 29, 30, 31, 32, 41, 42, 49, 51, 4, 53, 53, 53, 53, 53, 53, 53, 53, 53, 53, 53, 53, 53, 53, 53, 53, 53, 53, 53, 53, 53, 53, 53, 53]
mbedstatem164 = [1, 47, 29, 30, 47, 29, 30, 31, 32, 37, 38, 39, 40, 41, 42, 48, 51, 4, 53, 53, 53, 53, 53, 53, 53, 53, 53, 53, 53, 53, 53, 53, 53, 53, 53, 53, 53, 53, 53, 53]
RFCstatem164 = [1, 47, 29, 30, 47, 29, 30, 31, 32, 37, 38, 39, 40, 41, 42, 48, 51, 4, 53, 53, 53, 53, 53, 53, 53, 53, 53, 53, 53, 53, 53, 53, 53, 53, 53, 53, 53, 53, 53, 53]
mbedstatem165 = [1, 47, 29, 30, 33, 34, 47, 29, 30, 31, 32, 37, 38, 39, 40, 41, 42, 48, 51, 4, 53, 53, 53, 53, 53, 53, 53, 53, 53, 53, 53, 53, 53, 53, 53, 53, 53, 53, 53, 53]
RFCstatem165 = [1, 47, 29, 30, 33, 34, 47, 29, 30, 31, 32, 37, 38, 39, 40, 41, 42, 48, 51, 4, 53, 53, 53, 53, 53, 53, 53, 53, 53, 53, 53, 53, 53, 53, 53, 53, 53, 53, 53, 53]
mbedstatem166 = [1, 47, 29, 30, 47, 29, 30, 31, 32, 41, 42, 48, 51, 4, 53, 53, 53, 53, 53, 53, 53, 53, 53, 53, 53, 53, 53, 53, 53, 53, 53, 53, 53, 53, 53, 53, 53, 53, 53, 53]
RFCstatem166 = [1, 47, 29, 30, 47, 29, 30, 31, 32, 41, 42, 48, 51, 4, 53, 53, 53, 53, 53, 53, 53, 53, 53, 53, 53, 53, 53, 53, 53, 53, 53, 53, 53, 53, 53, 53, 53, 53, 53, 53]
mbedstatem167 = [1, 47, 29, 30, 33, 34, 47, 29, 30, 31, 32, 41, 42, 48, 51, 4, 53, 53, 53, 53, 53, 53, 53, 53, 53, 53, 53, 53, 53, 53, 53, 53, 53, 53, 53, 53, 53, 53, 53, 53]
RFCstatem167 = [1, 47, 29, 30, 33, 34, 47, 29, 30, 31, 32, 41, 42, 48, 51, 4, 53, 53, 53, 53, 53, 53, 53, 53, 53, 53, 53, 53, 53, 53, 53, 53, 53, 53, 53, 53, 53, 53, 53, 53]
mbedstatem172 = [1, 47, 29, 30, 47, 29, 30, 31, 32, 35, 36, 37, 38, 39, 40, 41, 42, 48, 49, 50, 51, 4, 53, 53, 53, 53, 53, 53, 53, 53, 53, 53, 53, 53, 53, 53, 53, 53, 53, 53]
RFCstatem172 = [1, 47, 29, 30, 47, 29, 30, 31, 32, 35, 36, 37, 38, 39, 40, 41, 42, 48, 49, 50, 51, 4, 53, 53, 53, 53, 53, 53, 53, 53, 53, 53, 53, 53, 53, 53, 53, 53, 53, 53]
mbedstatem173 = [1, 47, 29, 30, 33, 34, 47, 29, 30, 31, 32, 35, 36, 37, 38, 39, 40, 41, 42, 48, 49, 50, 51, 4, 53, 53, 53, 53, 53, 53, 53, 53, 53, 53, 53, 53, 53, 53, 53, 53]
RFCstatem173 = [1, 47, 29, 30, 33, 34, 47, 29, 30, 31, 32, 35, 36, 37, 38, 39, 40, 41, 42, 48, 49, 50, 51, 4, 53, 53, 53, 53, 53, 53, 53, 53, 53, 53, 53, 53, 53, 53, 53, 53]
mbedstatem174 = [1, 47, 29, 30, 47, 29, 30, 31, 32, 41, 42, 48, 51, 4, 53, 53, 53, 53, 53, 53, 53, 53, 53, 53, 53, 53, 53, 53, 53, 53, 53, 53, 53, 53, 53, 53, 53, 53, 53, 53]
RFCstatem174 = [1, 47, 29, 30, 47, 29, 30, 31, 32, 41, 42, 48, 51, 4, 53, 53, 53, 53, 53, 53, 53, 53, 53, 53, 53, 53, 53, 53, 53, 53, 53, 53, 53, 53, 53, 53, 53, 53, 53, 53]
mbedstatem175 = [1, 47, 29, 30, 33, 34, 47, 29, 30, 31, 32, 41, 42, 48, 51, 4, 53, 53, 53, 53, 53, 53, 53, 53, 53, 53, 53, 53, 53, 53, 53, 53, 53, 53, 53, 53, 53, 53, 53, 53]
RFCstatem175 = [1, 47, 29, 30, 33, 34, 47, 29, 30, 31, 32, 41, 42, 48, 51, 4, 53, 53, 53, 53, 53, 53, 53, 53, 53, 53, 53, 53, 53, 53, 53, 53, 53, 53, 53, 53, 53, 53, 53, 53]
mbedstatem180 = [1, 47, 29, 30, 47, 29, 30, 31, 32, 37, 38, 39, 40, 41, 42, 48, 51, 4, 53, 53, 53, 53, 53, 53, 53, 53, 53, 53, 53, 53, 53, 53, 53, 53, 53, 53, 53, 53, 53, 53]
RFCstatem180 = [1, 47, 29, 30, 47, 29, 30, 31, 32, 37, 38, 39, 40, 41, 42, 48, 51, 4, 53, 53, 53, 53, 53, 53, 53, 53, 53, 53, 53, 53, 53, 53, 53, 53, 53, 53, 53, 53, 53, 53]
mbedstatem181 = [1, 47, 29, 30, 33, 34, 47, 29, 30, 31, 32, 37, 38, 39, 40, 41, 42, 48, 51, 4, 53, 53, 53, 53, 53, 53, 53, 53, 53, 53, 53, 53, 53, 53, 53, 53, 53, 53, 53, 53]
RFCstatem181 = [1, 47, 29, 30, 33, 34, 47, 29, 30, 31, 32, 37, 38, 39, 40, 41, 42, 48, 51, 4, 53, 53, 53, 53, 53, 53, 53, 53, 53, 53, 53, 53, 53, 53, 53, 53, 53, 53, 53, 53]
mbedstatem182 = [1, 47, 29, 30, 47, 29, 30, 31, 32, 41, 42, 48, 51, 4, 53, 53, 53, 53, 53, 53, 53, 53, 53, 53, 53, 53, 53, 53, 53, 53, 53, 53, 53, 53, 53, 53, 53, 53, 53, 53]
RFCstatem182 = [1, 47, 29, 30, 47, 29, 30, 31, 32, 41, 42, 48, 51, 4, 53, 53, 53, 53, 53, 53, 53, 53, 53, 53, 53, 53, 53, 53, 53, 53, 53, 53, 53, 53, 53, 53, 53, 53, 53, 53]
mbedstatem183 = [1, 47, 29, 30, 33, 34, 47, 29, 30, 31, 32, 41, 42, 48, 51, 4, 53, 53, 53, 53, 53, 53, 53, 53, 53, 53, 53, 53, 53, 53, 53, 53, 53, 53, 53, 53, 53, 53, 53, 53]
RFCstatem183 = [1, 47, 29, 30, 33, 34, 47, 29, 30, 31, 32, 41, 42, 48, 51, 4, 53, 53, 53, 53, 53, 53, 53, 53, 53, 53, 53, 53, 53, 53, 53, 53, 53, 53, 53, 53, 53, 53, 53, 53]
mbedstatem188 = [1, 47, 29, 30, 47, 29, 30, 31, 32, 35, 36, 37, 38, 39, 40, 41, 42, 48, 49, 51, 4, 53, 53, 53, 53, 53, 53, 53, 53, 53, 53, 53, 53, 53, 53, 53, 53, 53, 53, 53]
RFCstatem188 = [1, 47, 29, 30, 47, 29, 30, 31, 32, 35, 36, 37, 38, 39, 40, 41, 42, 48, 49, 51, 4, 53, 53, 53, 53, 53, 53, 53, 53, 53, 53, 53, 53, 53, 53, 53, 53, 53, 53, 53]
mbedstatem189 = [1, 47, 29, 30, 33, 34, 47, 29, 30, 31, 32, 35, 36, 37, 38, 39, 40, 41, 42, 48, 49, 51, 4, 53, 53, 53, 53, 53, 53, 53, 53, 53, 53, 53, 53, 53, 53, 53, 53, 53]
RFCstatem189 = [1, 47, 29, 30, 33, 34, 47, 29, 30, 31, 32, 35, 36, 37, 38, 39, 40, 41, 42, 48, 49, 51, 4, 53, 53, 53, 53, 53, 53, 53, 53, 53, 53, 53, 53, 53, 53, 53, 53, 53]
mbedstatem190 = [1, 47, 29, 30, 47, 29, 30, 31, 32, 41, 42, 48, 51, 4, 53, 53, 53, 53, 53, 53, 53, 53, 53, 53, 53, 53, 53, 53, 53, 53, 53, 53, 53, 53, 53, 53, 53, 53, 53, 53]
RFCstatem190 = [1, 47, 29, 30, 47, 29, 30, 31, 32, 41, 42, 48, 51, 4, 53, 53, 53, 53, 53, 53, 53, 53, 53, 53, 53, 53, 53, 53, 53, 53, 53, 53, 53, 53, 53, 53, 53, 53, 53, 53]
mbedstatem191 = [1, 47, 29, 30, 33, 34, 47, 29, 30, 31, 32, 41, 42, 48, 51, 4, 53, 53, 53, 53, 53, 53, 53, 53, 53, 53, 53, 53, 53, 53, 53, 53, 53, 53, 53, 53, 53, 53, 53, 53]
RFCstatem191 = [1, 47, 29, 30, 33, 34, 47, 29, 30, 31, 32, 41, 42, 48, 51, 4, 53, 53, 53, 53, 53, 53, 53, 53, 53, 53, 53, 53, 53, 53, 53, 53, 53, 53, 53, 53, 53, 53, 53, 53]
mbedstatem192 = [1, 47, 29, 30, 47, 29, 30, 31, 32, 37, 38, 39, 40, 41, 42, 51, 45, 46, 4, 53, 53, 53, 53, 53, 53, 53, 53, 53, 53, 53, 53, 53, 53, 53, 53, 53, 53, 53, 53, 53]
RFCstatem192 = [1, 47, 29, 30, 47, 29, 30, 31, 32, 37, 38, 39, 40, 41, 42, 51, 45, 46, 4, 53, 53, 53, 53, 53, 53, 53, 53, 53, 53, 53, 53, 53, 53, 53, 53, 53, 53, 53, 53, 53]
mbedstatem193 = [1, 47, 29, 30, 33, 34, 47, 29, 30, 31, 32, 37, 38, 39, 40, 41, 42, 51, 45, 46, 4, 53, 53, 53, 53, 53, 53, 53, 53, 53, 53, 53, 53, 53, 53, 53, 53, 53, 53, 53]
RFCstatem193 = [1, 47, 29, 30, 33, 34, 47, 29, 30, 31, 32, 37, 38, 39, 40, 41, 42, 51, 45, 46, 4, 53, 53, 53, 53, 53, 53, 53, 53, 53, 53, 53, 53, 53, 53, 53, 53, 53, 53, 53]
mbedstatem194 = [1, 47, 29, 30, 47, 29, 30, 31, 32, 41, 42, 51, 45, 46, 4, 53, 53, 53, 53, 53, 53, 53, 53, 53, 53, 53, 53, 53, 53, 53, 53, 53, 53, 53, 53, 53, 53, 53, 53, 53]
RFCstatem194 = [1, 47, 29, 30, 47, 29, 30, 31, 32, 41, 42, 51, 45, 46, 4, 53, 53, 53, 53, 53, 53, 53, 53, 53, 53, 53, 53, 53, 53, 53, 53, 53, 53, 53, 53, 53, 53, 53, 53, 53]
mbedstatem195 = [1, 47, 29, 30, 33, 34, 47, 29, 30, 31, 32, 41, 42, 51, 45, 46, 4, 53, 53, 53, 53, 53, 53, 53, 53, 53, 53, 53, 53, 53, 53, 53, 53, 53, 53, 53, 53, 53, 53, 53]
RFCstatem195 = [1, 47, 29, 30, 33, 34, 47, 29, 30, 31, 32, 41, 42, 51, 45, 46, 4, 53, 53, 53, 53, 53, 53, 53, 53, 53, 53, 53, 53, 53, 53, 53, 53, 53, 53, 53, 53, 53, 53, 53]
mbedstatem196 = [1, 47, 29, 30, 47, 29, 30, 31, 32, 37, 38, 39, 40, 41, 42, 51, 45, 46, 4, 53, 53, 53, 53, 53, 53, 53, 53, 53, 53, 53, 53, 53, 53, 53, 53, 53, 53, 53, 53, 53]
RFCstatem196 = [1, 47, 29, 30, 47, 29, 30, 31, 32, 37, 38, 39, 40, 41, 42, 51, 45, 46, 4, 53, 53, 53, 53, 53, 53, 53, 53, 53, 53, 53, 53, 53, 53, 53, 53, 53, 53, 53, 53, 53]
mbedstatem197 = [1, 47, 29, 30, 33, 34, 47, 29, 30, 31, 32, 37, 38, 39, 40, 41, 42, 51, 45, 46, 4, 53, 53, 53, 53, 53, 53, 53, 53, 53, 53, 53, 53, 53, 53, 53, 53, 53, 53, 53]
RFCstatem197 = [1, 47, 29, 30, 33, 34, 47, 29, 30, 31, 32, 37, 38, 39, 40, 41, 42, 51, 45, 46, 4, 53, 53, 53, 53, 53, 53, 53, 53, 53, 53, 53, 53, 53, 53, 53, 53, 53, 53, 53]
mbedstatem198 = [1, 47, 29, 30, 47, 29, 30, 31, 32, 41, 42, 51, 45, 46, 4, 53, 53, 53, 53, 53, 53, 53, 53, 53, 53, 53, 53, 53, 53, 53, 53, 53, 53, 53, 53, 53, 53, 53, 53, 53]
RFCstatem198 = [1, 47, 29, 30, 47, 29, 30, 31, 32, 41, 42, 51, 45, 46, 4, 53, 53, 53, 53, 53, 53, 53, 53, 53, 53, 53, 53, 53, 53, 53, 53, 53, 53, 53, 53, 53, 53, 53, 53, 53]
mbedstatem199 = [1, 47, 29, 30, 33, 34, 47, 29, 30, 31, 32, 41, 42, 51, 45, 46, 4, 53, 53, 53, 53, 53, 53, 53, 53, 53, 53, 53, 53, 53, 53, 53, 53, 53, 53, 53, 53, 53, 53, 53]
RFCstatem199 = [1, 47, 29, 30, 33, 34, 47, 29, 30, 31, 32, 41, 42, 51, 45, 46, 4, 53, 53, 53, 53, 53, 53, 53, 53, 53, 53, 53, 53, 53, 53, 53, 53, 53, 53, 53, 53, 53, 53, 53]
mbedstatem200 = [1, 47, 29, 30, 47, 29, 30, 31, 32, 35, 36, 37, 38, 39, 40, 41, 42, 49, 50, 51, 45, 46, 4, 53, 53, 53, 53, 53, 53, 53, 53, 53, 53, 53, 53, 53, 53, 53, 53, 53]
RFCstatem200 = [1, 47, 29, 30, 47, 29, 30, 31, 32, 35, 36, 37, 38, 39, 40, 41, 42, 49, 50, 51, 45, 46, 4, 53, 53, 53, 53, 53, 53, 53, 53, 53, 53, 53, 53, 53, 53, 53, 53, 53]
mbedstatem201 = [1, 47, 29, 30, 33, 34, 47, 29, 30, 31, 32, 35, 36, 37, 38, 39, 40, 41, 42, 49, 50, 51, 45, 46, 4, 53, 53, 53, 53, 53, 53, 53, 53, 53, 53, 53, 53, 53, 53, 53]
RFCstatem201 = [1, 47, 29, 30, 33, 34, 47, 29, 30, 31, 32, 35, 36, 37, 38, 39, 40, 41, 42, 49, 50, 51, 45, 46, 4, 53, 53, 53, 53, 53, 53, 53, 53, 53, 53, 53, 53, 53, 53, 53]
mbedstatem202 = [1, 47, 29, 30, 47, 29, 30, 31, 32, 41, 42, 49, 50, 51, 45, 46, 4, 53, 53, 53, 53, 53, 53, 53, 53, 53, 53, 53, 53, 53, 53, 53, 53, 53, 53, 53, 53, 53, 53, 53]
RFCstatem202 = [1, 47, 29, 30, 47, 29, 30, 31, 32, 41, 42, 49, 50, 51, 45, 46, 4, 53, 53, 53, 53, 53, 53, 53, 53, 53, 53, 53, 53, 53, 53, 53, 53, 53, 53, 53, 53, 53, 53, 53]
mbedstatem203 = [1, 47, 29, 30, 33, 34, 47, 29, 30, 31, 32, 41, 42, 49, 50, 51, 45, 46, 4, 53, 53, 53, 53, 53, 53, 53, 53, 53, 53, 53, 53, 53, 53, 53, 53, 53, 53, 53, 53, 53]
RFCstatem203 = [1, 47, 29, 30, 33, 34, 47, 29, 30, 31, 32, 41, 42, 49, 50, 51, 45, 46, 4, 53, 53, 53, 53, 53, 53, 53, 53, 53, 53, 53, 53, 53, 53, 53, 53, 53, 53, 53, 53, 53]
mbedstatem204 = [1, 47, 29, 30, 47, 29, 30, 31, 32, 35, 36, 37, 38, 39, 40, 41, 42, 49, 50, 51, 45, 46, 4, 53, 53, 53, 53, 53, 53, 53, 53, 53, 53, 53, 53, 53, 53, 53, 53, 53]
RFCstatem204 = [1, 47, 29, 30, 47, 29, 30, 31, 32, 35, 36, 37, 38, 39, 40, 41, 42, 49, 50, 51, 45, 46, 4, 53, 53, 53, 53, 53, 53, 53, 53, 53, 53, 53, 53, 53, 53, 53, 53, 53]
mbedstatem205 = [1, 47, 29, 30, 33, 34, 47, 29, 30, 31, 32, 35, 36, 37, 38, 39, 40, 41, 42, 49, 50, 51, 45, 46, 4, 53, 53, 53, 53, 53, 53, 53, 53, 53, 53, 53, 53, 53, 53, 53]
RFCstatem205 = [1, 47, 29, 30, 33, 34, 47, 29, 30, 31, 32, 35, 36, 37, 38, 39, 40, 41, 42, 49, 50, 51, 45, 46, 4, 53, 53, 53, 53, 53, 53, 53, 53, 53, 53, 53, 53, 53, 53, 53]
mbedstatem206 = [1, 47, 29, 30, 47, 29, 30, 31, 32, 41, 42, 49, 50, 51, 45, 46, 4, 53, 53, 53, 53, 53, 53, 53, 53, 53, 53, 53, 53, 53, 53, 53, 53, 53, 53, 53, 53, 53, 53, 53]
RFCstatem206 = [1, 47, 29, 30, 47, 29, 30, 31, 32, 41, 42, 49, 50, 51, 45, 46, 4, 53, 53, 53, 53, 53, 53, 53, 53, 53, 53, 53, 53, 53, 53, 53, 53, 53, 53, 53, 53, 53, 53, 53]
mbedstatem207 = [1, 47, 29, 30, 33, 34, 47, 29, 30, 31, 32, 41, 42, 49, 50, 51, 45, 46, 4, 53, 53, 53, 53, 53, 53, 53, 53, 53, 53, 53, 53, 53, 53, 53, 53, 53, 53, 53, 53, 53]
RFCstatem207 = [1, 47, 29, 30, 33, 34, 47, 29, 30, 31, 32, 41, 42, 49, 50, 51, 45, 46, 4, 53, 53, 53, 53, 53, 53, 53, 53, 53, 53, 53, 53, 53, 53, 53, 53, 53, 53, 53, 53, 53]
mbedstatem208 = [1, 47, 29, 30, 47, 29, 30, 31, 32, 37, 38, 39, 40, 41, 42, 51, 45, 46, 4, 53, 53, 53, 53, 53, 53, 53, 53, 53, 53, 53, 53, 53, 53, 53, 53, 53, 53, 53, 53, 53]
RFCstatem208 = [1, 47, 29, 30, 47, 29, 30, 31, 32, 37, 38, 39, 40, 41, 42, 51, 45, 46, 4, 53, 53, 53, 53, 53, 53, 53, 53, 53, 53, 53, 53, 53, 53, 53, 53, 53, 53, 53, 53, 53]
mbedstatem209 = [1, 47, 29, 30, 33, 34, 47, 29, 30, 31, 32, 37, 38, 39, 40, 41, 42, 51, 45, 46, 4, 53, 53, 53, 53, 53, 53, 53, 53, 53, 53, 53, 53, 53, 53, 53, 53, 53, 53, 53]
RFCstatem209 = [1, 47, 29, 30, 33, 34, 47, 29, 30, 31, 32, 37, 38, 39, 40, 41, 42, 51, 45, 46, 4, 53, 53, 53, 53, 53, 53, 53, 53, 53, 53, 53, 53, 53, 53, 53, 53, 53, 53, 53]
mbedstatem210 = [1, 47, 29, 30, 47, 29, 30, 31, 32, 41, 42, 51, 45, 46, 4, 53, 53, 53, 53, 53, 53, 53, 53, 53, 53, 53, 53, 53, 53, 53, 53, 53, 53, 53, 53, 53, 53, 53, 53, 53]
RFCstatem210 = [1, 47, 29, 30, 47, 29, 30, 31, 32, 41, 42, 51, 45, 46, 4, 53, 53, 53, 53, 53, 53, 53, 53, 53, 53, 53, 53, 53, 53, 53, 53, 53, 53, 53, 53, 53, 53, 53, 53, 53]
mbedstatem211 = [1, 47, 29, 30, 33, 34, 47, 29, 30, 31, 32, 41, 42, 51, 45, 46, 4, 53, 53, 53, 53, 53, 53, 53, 53, 53, 53, 53, 53, 53, 53, 53, 53, 53, 53, 53, 53, 53, 53, 53]
RFCstatem211 = [1, 47, 29, 30, 33, 34, 47, 29, 30, 31, 32, 41, 42, 51, 45, 46, 4, 53, 53, 53, 53, 53, 53, 53, 53, 53, 53, 53, 53, 53, 53, 53, 53, 53, 53, 53, 53, 53, 53, 53]
mbedstatem212 = [1, 47, 29, 30, 47, 29, 30, 31, 32, 37, 38, 39, 40, 41, 42, 51, 45, 46, 4, 53, 53, 53, 53, 53, 53, 53, 53, 53, 53, 53, 53, 53, 53, 53, 53, 53, 53, 53, 53, 53]
RFCstatem212 = [1, 47, 29, 30, 47, 29, 30, 31, 32, 37, 38, 39, 40, 41, 42, 51, 45, 46, 4, 53, 53, 53, 53, 53, 53, 53, 53, 53, 53, 53, 53, 53, 53, 53, 53, 53, 53, 53, 53, 53]
mbedstatem213 = [1, 47, 29, 30, 33, 34, 47, 29, 30, 31, 32, 37, 38, 39, 40, 41, 42, 51, 45, 46, 4, 53, 53, 53, 53, 53, 53, 53, 53, 53, 53, 53, 53, 53, 53, 53, 53, 53, 53, 53]
RFCstatem213 = [1, 47, 29, 30, 33, 34, 47, 29, 30, 31, 32, 37, 38, 39, 40, 41, 42, 51, 45, 46, 4, 53, 53, 53, 53, 53, 53, 53, 53, 53, 53, 53, 53, 53, 53, 53, 53, 53, 53, 53]
mbedstatem214 = [1, 47, 29, 30, 47, 29, 30, 31, 32, 41, 42, 51, 45, 46, 4, 53, 53, 53, 53, 53, 53, 53, 53, 53, 53, 53, 53, 53, 53, 53, 53, 53, 53, 53, 53, 53, 53, 53, 53, 53]
RFCstatem214 = [1, 47, 29, 30, 47, 29, 30, 31, 32, 41, 42, 51, 45, 46, 4, 53, 53, 53, 53, 53, 53, 53, 53, 53, 53, 53, 53, 53, 53, 53, 53, 53, 53, 53, 53, 53, 53, 53, 53, 53]
mbedstatem215 = [1, 47, 29, 30, 33, 34, 47, 29, 30, 31, 32, 41, 42, 51, 45, 46, 4, 53, 53, 53, 53, 53, 53, 53, 53, 53, 53, 53, 53, 53, 53, 53, 53, 53, 53, 53, 53, 53, 53, 53]
RFCstatem215 = [1, 47, 29, 30, 33, 34, 47, 29, 30, 31, 32, 41, 42, 51, 45, 46, 4, 53, 53, 53, 53, 53, 53, 53, 53, 53, 53, 53, 53, 53, 53, 53, 53, 53, 53, 53, 53, 53, 53, 53]
mbedstatem216 = [1, 47, 29, 30, 47, 29, 30, 31, 32, 35, 36, 37, 38, 39, 40, 41, 42, 49, 51, 45, 46, 4, 53, 53, 53, 53, 53, 53, 53, 53, 53, 53, 53, 53, 53, 53, 53, 53, 53, 53]
RFCstatem216 = [1, 47, 29, 30, 47, 29, 30, 31, 32, 35, 36, 37, 38, 39, 40, 41, 42, 49, 51, 45, 46, 4, 53, 53, 53, 53, 53, 53, 53, 53, 53, 53, 53, 53, 53, 53, 53, 53, 53, 53]
mbedstatem217 = [1, 47, 29, 30, 33, 34, 47, 29, 30, 31, 32, 35, 36, 37, 38, 39, 40, 41, 42, 49, 51, 45, 46, 4, 53, 53, 53, 53, 53, 53, 53, 53, 53, 53, 53, 53, 53, 53, 53, 53]
RFCstatem217 = [1, 47, 29, 30, 33, 34, 47, 29, 30, 31, 32, 35, 36, 37, 38, 39, 40, 41, 42, 49, 51, 45, 46, 4, 53, 53, 53, 53, 53, 53, 53, 53, 53, 53, 53, 53, 53, 53, 53, 53]
mbedstatem218 = [1, 47, 29, 30, 47, 29, 30, 31, 32, 41, 42, 49, 51, 45, 46, 4, 53, 53, 53, 53, 53, 53, 53, 53, 53, 53, 53, 53, 53, 53, 53, 53, 53, 53, 53, 53, 53, 53, 53, 53]
RFCstatem218 = [1, 47, 29, 30, 47, 29, 30, 31, 32, 41, 42, 49, 51, 45, 46, 4, 53, 53, 53, 53, 53, 53, 53, 53, 53, 53, 53, 53, 53, 53, 53, 53, 53, 53, 53, 53, 53, 53, 53, 53]
mbedstatem219 = [1, 47, 29, 30, 33, 34, 47, 29, 30, 31, 32, 41, 42, 49, 51, 45, 46, 4, 53, 53, 53, 53, 53, 53, 53, 53, 53, 53, 53, 53, 53, 53, 53, 53, 53, 53, 53, 53, 53, 53]
RFCstatem219 = [1, 47, 29, 30, 33, 34, 47, 29, 30, 31, 32, 41, 42, 49, 51, 45, 46, 4, 53, 53, 53, 53, 53, 53, 53, 53, 53, 53, 53, 53, 53, 53, 53, 53, 53, 53, 53, 53, 53, 53]
mbedstatem220 = [1, 47, 29, 30, 47, 29, 30, 31, 32, 35, 36, 37, 38, 39, 40, 41, 42, 49, 51, 45, 46, 4, 53, 53, 53, 53, 53, 53, 53, 53, 53, 53, 53, 53, 53, 53, 53, 53, 53, 53]
RFCstatem220 = [1, 47, 29, 30, 47, 29, 30, 31, 32, 35, 36, 37, 38, 39, 40, 41, 42, 49, 51, 45, 46, 4, 53, 53, 53, 53, 53, 53, 53, 53, 53, 53, 53, 53, 53, 53, 53, 53, 53, 53]
mbedstatem221 = [1, 47, 29, 30, 33, 34, 47, 29, 30, 31, 32, 35, 36, 37, 38, 39, 40, 41, 42, 49, 51, 45, 46, 4, 53, 53, 53, 53, 53, 53, 53, 53, 53, 53, 53, 53, 53, 53, 53, 53]
RFCstatem221 = [1, 47, 29, 30, 33, 34, 47, 29, 30, 31, 32, 35, 36, 37, 38, 39, 40, 41, 42, 49, 51, 45, 46, 4, 53, 53, 53, 53, 53, 53, 53, 53, 53, 53, 53, 53, 53, 53, 53, 53]
mbedstatem222 = [1, 47, 29, 30, 47, 29, 30, 31, 32, 41, 42, 49, 51, 45, 46, 4, 53, 53, 53, 53, 53, 53, 53, 53, 53, 53, 53, 53, 53, 53, 53, 53, 53, 53, 53, 53, 53, 53, 53, 53]
RFCstatem222 = [1, 47, 29, 30, 47, 29, 30, 31, 32, 41, 42, 49, 51, 45, 46, 4, 53, 53, 53, 53, 53, 53, 53, 53, 53, 53, 53, 53, 53, 53, 53, 53, 53, 53, 53, 53, 53, 53, 53, 53]
mbedstatem223 = [1, 47, 29, 30, 33, 34, 47, 29, 30, 31, 32, 41, 42, 49, 51, 45, 46, 4, 53, 53, 53, 53, 53, 53, 53, 53, 53, 53, 53, 53, 53, 53, 53, 53, 53, 53, 53, 53, 53, 53]
RFCstatem223 = [1, 47, 29, 30, 33, 34, 47, 29, 30, 31, 32, 41, 42, 49, 51, 45, 46, 4, 53, 53, 53, 53, 53, 53, 53, 53, 53, 53, 53, 53, 53, 53, 53, 53, 53, 53, 53, 53, 53, 53]
mbedstatem228 = [1, 47, 29, 30, 47, 29, 30, 31, 32, 37, 38, 39, 40, 41, 42, 48, 51, 45, 46, 4, 53, 53, 53, 53, 53, 53, 53, 53, 53, 53, 53, 53, 53, 53, 53, 53, 53, 53, 53, 53]
RFCstatem228 = [1, 47, 29, 30, 47, 29, 30, 31, 32, 37, 38, 39, 40, 41, 42, 48, 51, 45, 46, 4, 53, 53, 53, 53, 53, 53, 53, 53, 53, 53, 53, 53, 53, 53, 53, 53, 53, 53, 53, 53]
mbedstatem229 = [1, 47, 29, 30, 33, 34, 47, 29, 30, 31, 32, 37, 38, 39, 40, 41, 42, 48, 51, 45, 46, 4, 53, 53, 53, 53, 53, 53, 53, 53, 53, 53, 53, 53, 53, 53, 53, 53, 53, 53]
RFCstatem229 = [1, 47, 29, 30, 33, 34, 47, 29, 30, 31, 32, 37, 38, 39, 40, 41, 42, 48, 51, 45, 46, 4, 53, 53, 53, 53, 53, 53, 53, 53, 53, 53, 53, 53, 53, 53, 53, 53, 53, 53]
mbedstatem230 = [1, 47, 29, 30, 47, 29, 30, 31, 32, 41, 42, 48, 51, 45, 46, 4, 53, 53, 53, 53, 53, 53, 53, 53, 53, 53, 53, 53, 53, 53, 53, 53, 53, 53, 53, 53, 53, 53, 53, 53]
RFCstatem230 = [1, 47, 29, 30, 47, 29, 30, 31, 32, 41, 42, 48, 51, 45, 46, 4, 53, 53, 53, 53, 53, 53, 53, 53, 53, 53, 53, 53, 53, 53, 53, 53, 53, 53, 53, 53, 53, 53, 53, 53]
mbedstatem231 = [1, 47, 29, 30, 33, 34, 47, 29, 30, 31, 32, 41, 42, 48, 51, 45, 46, 4, 53, 53, 53, 53, 53, 53, 53, 53, 53, 53, 53, 53, 53, 53, 53, 53, 53, 53, 53, 53, 53, 53]
RFCstatem231 = [1, 47, 29, 30, 33, 34, 47, 29, 30, 31, 32, 41, 42, 48, 51, 45, 46, 4, 53, 53, 53, 53, 53, 53, 53, 53, 53, 53, 53, 53, 53, 53, 53, 53, 53, 53, 53, 53, 53, 53]
mbedstatem236 = [1, 47, 29, 30, 47, 29, 30, 31, 32, 35, 36, 37, 38, 39, 40, 41, 42, 48, 49, 50, 51, 45, 46, 4, 53, 53, 53, 53, 53, 53, 53, 53, 53, 53, 53, 53, 53, 53, 53, 53]
RFCstatem236 = [1, 47, 29, 30, 47, 29, 30, 31, 32, 35, 36, 37, 38, 39, 40, 41, 42, 48, 49, 50, 51, 45, 46, 4, 53, 53, 53, 53, 53, 53, 53, 53, 53, 53, 53, 53, 53, 53, 53, 53]
mbedstatem237 = [1, 47, 29, 30, 33, 34, 47, 29, 30, 31, 32, 35, 36, 37, 38, 39, 40, 41, 42, 48, 49, 50, 51, 45, 46, 4, 53, 53, 53, 53, 53, 53, 53, 53, 53, 53, 53, 53, 53, 53]
RFCstatem237 = [1, 47, 29, 30, 33, 34, 47, 29, 30, 31, 32, 35, 36, 37, 38, 39, 40, 41, 42, 48, 49, 50, 51, 45, 46, 4, 53, 53, 53, 53, 53, 53, 53, 53, 53, 53, 53, 53, 53, 53]
mbedstatem238 = [1, 47, 29, 30, 47, 29, 30, 31, 32, 41, 42, 48, 51, 45, 46, 4, 53, 53, 53, 53, 53, 53, 53, 53, 53, 53, 53, 53, 53, 53, 53, 53, 53, 53, 53, 53, 53, 53, 53, 53]
RFCstatem238 = [1, 47, 29, 30, 47, 29, 30, 31, 32, 41, 42, 48, 51, 45, 46, 4, 53, 53, 53, 53, 53, 53, 53, 53, 53, 53, 53, 53, 53, 53, 53, 53, 53, 53, 53, 53, 53, 53, 53, 53]
mbedstatem239 = [1, 47, 29, 30, 33, 34, 47, 29, 30, 31, 32, 41, 42, 48, 51, 45, 46, 4, 53, 53, 53, 53, 53, 53, 53, 53, 53, 53, 53, 53, 53, 53, 53, 53, 53, 53, 53, 53, 53, 53]
RFCstatem239 = [1, 47, 29, 30, 33, 34, 47, 29, 30, 31, 32, 41, 42, 48, 51, 45, 46, 4, 53, 53, 53, 53, 53, 53, 53, 53, 53, 53, 53, 53, 53, 53, 53, 53, 53, 53, 53, 53, 53, 53]
mbedstatem244 = [1, 47, 29, 30, 47, 29, 30, 31, 32, 37, 38, 39, 40, 41, 42, 48, 51, 45, 46, 4, 53, 53, 53, 53, 53, 53, 53, 53, 53, 53, 53, 53, 53, 53, 53, 53, 53, 53, 53, 53]
RFCstatem244 = [1, 47, 29, 30, 47, 29, 30, 31, 32, 37, 38, 39, 40, 41, 42, 48, 51, 45, 46, 4, 53, 53, 53, 53, 53, 53, 53, 53, 53, 53, 53, 53, 53, 53, 53, 53, 53, 53, 53, 53]
mbedstatem245 = [1, 47, 29, 30, 33, 34, 47, 29, 30, 31, 32, 37, 38, 39, 40, 41, 42, 48, 51, 45, 46, 4, 53, 53, 53, 53, 53, 53, 53, 53, 53, 53, 53, 53, 53, 53, 53, 53, 53, 53]
RFCstatem245 = [1, 47, 29, 30, 33, 34, 47, 29, 30, 31, 32, 37, 38, 39, 40, 41, 42, 48, 51, 45, 46, 4, 53, 53, 53, 53, 53, 53, 53, 53, 53, 53, 53, 53, 53, 53, 53, 53, 53, 53]
mbedstatem246 = [1, 47, 29, 30, 47, 29, 30, 31, 32, 41, 42, 48, 51, 45, 46, 4, 53, 53, 53, 53, 53, 53, 53, 53, 53, 53, 53, 53, 53, 53, 53, 53, 53, 53, 53, 53, 53, 53, 53, 53]
RFCstatem246 = [1, 47, 29, 30, 47, 29, 30, 31, 32, 41, 42, 48, 51, 45, 46, 4, 53, 53, 53, 53, 53, 53, 53, 53, 53, 53, 53, 53, 53, 53, 53, 53, 53, 53, 53, 53, 53, 53, 53, 53]
mbedstatem247 = [1, 47, 29, 30, 33, 34, 47, 29, 30, 31, 32, 41, 42, 48, 51, 45, 46, 4, 53, 53, 53, 53, 53, 53, 53, 53, 53, 53, 53, 53, 53, 53, 53, 53, 53, 53, 53, 53, 53, 53]
RFCstatem247 = [1, 47, 29, 30, 33, 34, 47, 29, 30, 31, 32, 41, 42, 48, 51, 45, 46, 4, 53, 53, 53, 53, 53, 53, 53, 53, 53, 53, 53, 53, 53, 53, 53, 53, 53, 53, 53, 53, 53, 53]
mbedstatem252 = [1, 47, 29, 30, 47, 29, 30, 31, 32, 35, 36, 37, 38, 39, 40, 41, 42, 48, 49, 51, 45, 46, 4, 53, 53, 53, 53, 53, 53, 53, 53, 53, 53, 53, 53, 53, 53, 53, 53, 53]
RFCstatem252 = [1, 47, 29, 30, 47, 29, 30, 31, 32, 35, 36, 37, 38, 39, 40, 41, 42, 48, 49, 51, 45, 46, 4, 53, 53, 53, 53, 53, 53, 53, 53, 53, 53, 53, 53, 53, 53, 53, 53, 53]
mbedstatem253 = [1, 47, 29, 30, 33, 34, 47, 29, 30, 31, 32, 35, 36, 37, 38, 39, 40, 41, 42, 48, 49, 51, 45, 46, 4, 53, 53, 53, 53, 53, 53, 53, 53, 53, 53, 53, 53, 53, 53, 53]
RFCstatem253 = [1, 47, 29, 30, 33, 34, 47, 29, 30, 31, 32, 35, 36, 37, 38, 39, 40, 41, 42, 48, 49, 51, 45, 46, 4, 53, 53, 53, 53, 53, 53, 53, 53, 53, 53, 53, 53, 53, 53, 53]
mbedstatem254 = [1, 47, 29, 30, 47, 29, 30, 31, 32, 41, 42, 48, 51, 45, 46, 4, 53, 53, 53, 53, 53, 53, 53, 53, 53, 53, 53, 53, 53, 53, 53, 53, 53, 53, 53, 53, 53, 53, 53, 53]
RFCstatem254 = [1, 47, 29, 30, 47, 29, 30, 31, 32, 41, 42, 48, 51, 45, 46, 4, 53, 53, 53, 53, 53, 53, 53, 53, 53, 53, 53, 53, 53, 53, 53, 53, 53, 53, 53, 53, 53, 53, 53, 53]
mbedstatem255 = [1, 47, 29, 30, 33, 34, 47, 29, 30, 31, 32, 41, 42, 48, 51, 45, 46, 4, 53, 53, 53, 53, 53, 53, 53, 53, 53, 53, 53, 53, 53, 53, 53, 53, 53, 53, 53, 53, 53, 53]
RFCstatem255 = [1, 47, 29, 30, 33, 34, 47, 29, 30, 31, 32, 41, 42, 48, 51, 45, 46, 4, 53, 53, 53, 53, 53, 53, 53, 53, 53, 53, 53, 53, 53, 53, 53, 53, 53, 53, 53, 53, 53, 53]
